Component: ARM Compiler 5.06 update 6 (build 750) Tool: armlink [4d35ed]

==============================================================================

Section Cross References

    main.o(i.InitializeBoard) refers to buttons_landtiger.o(i.Buttons_Initialize) for Buttons_Initialize
    main.o(i.InitializeBoard) refers to glcd_landtiger.o(i.GLCD_Init) for GLCD_Init
    main.o(i.InitializeBoard) refers to led_landtiger.o(i.LED_Initialize) for LED_Initialize
    main.o(i.InitializeBoard) refers to adc_landtiger.o(i.ADC_Initialize) for ADC_Initialize
    main.o(i.InitializeBoard) refers to joystick_mcb1700.o(i.Joystick_Initialize) for Joystick_Initialize
    main.o(i.InitializeBoard) refers to glcd_landtiger.o(i.GLCD_Clear) for GLCD_Clear
    main.o(i.InitializeBoard) refers to adc_landtiger.o(i.ADC_StartConversion) for ADC_StartConversion
    main.o(i.InitializeBoard) refers to system_lpc17xx.o(.data) for SystemCoreClock
    main.o(i.main) refers to main.o(i.InitializeBoard) for InitializeBoard
    main.o(i.main) refers to print.o(i.Menu) for Menu
    main.o(i.main) refers to print.o(i.AnimationApple) for AnimationApple
    main.o(i.main) refers to set.o(i.SetTime) for SetTime
    main.o(i.main) refers to buttons_landtiger.o(i.Buttons_GetState) for Buttons_GetState
    main.o(i.main) refers to glcd_landtiger.o(i.GLCD_Clear) for GLCD_Clear
    main.o(i.main) refers to glcd_landtiger.o(i.GLCD_SetBackColor) for GLCD_SetBackColor
    main.o(i.main) refers to glcd_landtiger.o(i.GLCD_SetTextColor) for GLCD_SetTextColor
    main.o(i.main) refers to glcd_landtiger.o(i.GLCD_Bargraph) for GLCD_Bargraph
    main.o(i.main) refers to set.o(i.Joystick) for Joystick
    main.o(i.main) refers to adc_landtiger.o(i.ADC_ConversionDone) for ADC_ConversionDone
    main.o(i.main) refers to adc_landtiger.o(i.ADC_GetValue) for ADC_GetValue
    main.o(i.main) refers to adc_landtiger.o(i.ADC_StartConversion) for ADC_StartConversion
    main.o(i.main) refers to dflt_clz.o(x$fpl$dflt) for __aeabi_i2d
    main.o(i.main) refers to ddiv.o(x$fpl$ddiv) for __aeabi_ddiv
    main.o(i.main) refers to daddsub_clz.o(x$fpl$dadd) for __aeabi_dadd
    main.o(i.main) refers to dflt_clz.o(x$fpl$dfltu) for __aeabi_ui2d
    main.o(i.main) refers to drleqf.o(x$fpl$drleqf) for __aeabi_cdrcmple
    main.o(i.main) refers to set.o(i.SetApple) for SetApple
    main.o(i.main) refers to set.o(i.SetSnake) for SetSnake
    main.o(i.main) refers to print.o(i.PrintApple) for PrintApple
    main.o(i.main) refers to print.o(i.PrintSnake) for PrintSnake
    main.o(i.main) refers to eat-death.o(i.Eat) for Eat
    main.o(i.main) refers to eat-death.o(i.Death) for Death
    main.o(i.main) refers to noretval__2sprintf.o(.text) for __2sprintf
    main.o(i.main) refers to glcd_landtiger.o(i.GLCD_DisplayString) for GLCD_DisplayString
    main.o(i.main) refers to globals.o(.data) for iTime
    main.o(i.main) refers to globals.o(.bss) for cString
    isr.o(i.SysTick_Handler) refers to globals.o(.data) for iTimer
    print.o(i.AnimationApple) refers to glcd_landtiger.o(i.GLCD_SetBackColor) for GLCD_SetBackColor
    print.o(i.AnimationApple) refers to glcd_landtiger.o(i.GLCD_SetTextColor) for GLCD_SetTextColor
    print.o(i.AnimationApple) refers to glcd_landtiger.o(i.GLCD_Bargraph) for GLCD_Bargraph
    print.o(i.AnimationApple) refers to print.o(i.PrintApple) for PrintApple
    print.o(i.AnimationApple) refers to print.o(.data) for sApple
    print.o(i.AnimationApple) refers to globals.o(.data) for iTimer
    print.o(i.Menu) refers to _printf_percent.o(.ARM.Collect$$_printf_percent$$00000000) for _printf_percent
    print.o(i.Menu) refers to _printf_u.o(.ARM.Collect$$_printf_percent$$0000000A) for _printf_u
    print.o(i.Menu) refers to _printf_dec.o(.text) for _printf_int_dec
    print.o(i.Menu) refers to glcd_landtiger.o(i.GLCD_Clear) for GLCD_Clear
    print.o(i.Menu) refers to glcd_landtiger.o(i.GLCD_SetBackColor) for GLCD_SetBackColor
    print.o(i.Menu) refers to glcd_landtiger.o(i.GLCD_SetTextColor) for GLCD_SetTextColor
    print.o(i.Menu) refers to glcd_landtiger.o(i.GLCD_Bargraph) for GLCD_Bargraph
    print.o(i.Menu) refers to noretval__2sprintf.o(.text) for __2sprintf
    print.o(i.Menu) refers to glcd_landtiger.o(i.GLCD_DisplayString) for GLCD_DisplayString
    print.o(i.Menu) refers to globals.o(.bss) for cString
    print.o(i.Menu) refers to globals.o(.data) for iScore
    print.o(i.PrintApple) refers to glcd_landtiger.o(i.GLCD_SetBackColor) for GLCD_SetBackColor
    print.o(i.PrintApple) refers to glcd_landtiger.o(i.GLCD_SetTextColor) for GLCD_SetTextColor
    print.o(i.PrintApple) refers to glcd_landtiger.o(i.GLCD_PutPixel) for GLCD_PutPixel
    print.o(i.PrintApple) refers to globals.o(.data) for iX_Apple_Lookup
    print.o(i.PrintSnake) refers to _printf_percent.o(.ARM.Collect$$_printf_percent$$00000000) for _printf_percent
[...]
    ../clib/printf_percent.s                 0x00000000   Number         0  _printf_d.o ABSOLUTE
    ../clib/printf_percent.s                 0x00000000   Number         0  _printf_percent_end.o ABSOLUTE
    ../clib/signal.c                         0x00000000   Number         0  __raise.o ABSOLUTE
    ../clib/signal.c                         0x00000000   Number         0  defsig_rtmem_inner.o ABSOLUTE
    ../clib/signal.c                         0x00000000   Number         0  defsig_rtred_inner.o ABSOLUTE
    ../clib/signal.c                         0x00000000   Number         0  defsig_abrt_inner.o ABSOLUTE
    ../clib/signal.c                         0x00000000   Number         0  defsig_fpe_outer.o ABSOLUTE
    ../clib/signal.c                         0x00000000   Number         0  defsig_fpe_formal.o ABSOLUTE
    ../clib/signal.c                         0x00000000   Number         0  defsig_other.o ABSOLUTE
    ../clib/signal.c                         0x00000000   Number         0  defsig_segv_inner.o ABSOLUTE
    ../clib/signal.c                         0x00000000   Number         0  defsig_cppl_inner.o ABSOLUTE
    ../clib/signal.c                         0x00000000   Number         0  defsig_general.o ABSOLUTE
    ../clib/signal.c                         0x00000000   Number         0  defsig_pvfn_inner.o ABSOLUTE
    ../clib/signal.c                         0x00000000   Number         0  defsig_stak_inner.o ABSOLUTE
    ../clib/signal.c                         0x00000000   Number         0  defsig_fpe_inner.o ABSOLUTE
    ../clib/signal.c                         0x00000000   Number         0  defsig_exit.o ABSOLUTE
    ../clib/signal.c                         0x00000000   Number         0  defsig_rtmem_formal.o ABSOLUTE
    ../clib/signal.c                         0x00000000   Number         0  defsig_rtmem_outer.o ABSOLUTE
    ../clib/signal.s                         0x00000000   Number         0  defsig.o ABSOLUTE
    ../clib/stdlib.c                         0x00000000   Number         0  exit.o ABSOLUTE
    ../fplib/daddsub.s                       0x00000000   Number         0  daddsub_clz.o ABSOLUTE
    ../fplib/dcmpi.s                         0x00000000   Number         0  dcmpi.o ABSOLUTE
    ../fplib/ddiv.s                          0x00000000   Number         0  ddiv.o ABSOLUTE
    ../fplib/dflt.s                          0x00000000   Number         0  dflt_clz.o ABSOLUTE
    ../fplib/dleqf.s                         0x00000000   Number         0  dleqf.o ABSOLUTE
    ../fplib/dnaninf.s                       0x00000000   Number         0  dnaninf.o ABSOLUTE
    ../fplib/dretinf.s                       0x00000000   Number         0  dretinf.o ABSOLUTE
    ../fplib/drleqf.s                        0x00000000   Number         0  drleqf.o ABSOLUTE
    ../fplib/fpinit.s                        0x00000000   Number         0  fpinit.o ABSOLUTE
    ../fplib/usenofp.s                       0x00000000   Number         0  usenofp.o ABSOLUTE
    ADC_LandTiger.c                          0x00000000   Number         0  adc_landtiger.o ABSOLUTE
    ADC_LandTiger.c                          0x00000000   Number         0  adc_landtiger.o ABSOLUTE
    Buttons_LandTiger.c                      0x00000000   Number         0  buttons_landtiger.o ABSOLUTE
    Buttons_LandTiger.c                      0x00000000   Number         0  buttons_landtiger.o ABSOLUTE
    C:\Keil_v5\ARM\PACK\Keil\LPC1700_DFP\2.5.0\RTE_Driver\GPDMA_LPC17xx.c 0x00000000   Number         0  gpdma_lpc17xx.o ABSOLUTE
    C:\Keil_v5\ARM\PACK\Keil\LPC1700_DFP\2.5.0\RTE_Driver\GPIO_LPC17xx.c 0x00000000   Number         0  gpio_lpc17xx.o ABSOLUTE
    C:\Keil_v5\ARM\PACK\Keil\LPC1700_DFP\2.5.0\RTE_Driver\PIN_LPC17xx.c 0x00000000   Number         0  pin_lpc17xx.o ABSOLUTE
    C:\Keil_v5\ARM\PACK\Keil\LPC1700_DFP\2.5.0\RTE_Driver\SSP_LPC17xx.c 0x00000000   Number         0  ssp_lpc17xx.o ABSOLUTE
    C:\\Keil_v5\\ARM\\PACK\\Keil\\LPC1700_DFP\\2.5.0\\RTE_Driver\\GPDMA_LPC17xx.c 0x00000000   Number         0  gpdma_lpc17xx.o ABSOLUTE
    C:\\Keil_v5\\ARM\\PACK\\Keil\\LPC1700_DFP\\2.5.0\\RTE_Driver\\GPIO_LPC17xx.c 0x00000000   Number         0  gpio_lpc17xx.o ABSOLUTE
    C:\\Keil_v5\\ARM\\PACK\\Keil\\LPC1700_DFP\\2.5.0\\RTE_Driver\\PIN_LPC17xx.c 0x00000000   Number         0  pin_lpc17xx.o ABSOLUTE
    C:\\Keil_v5\\ARM\\PACK\\Keil\\LPC1700_DFP\\2.5.0\\RTE_Driver\\SSP_LPC17xx.c 0x00000000   Number         0  ssp_lpc17xx.o ABSOLUTE
    Eat-Death.c                              0x00000000   Number         0  eat-death.o ABSOLUTE
    Eat-Death.c                              0x00000000   Number         0  eat-death.o ABSOLUTE
    GLCD_LandTiger.c                         0x00000000   Number         0  glcd_landtiger.o ABSOLUTE
    GLCD_LandTiger.c                         0x00000000   Number         0  glcd_landtiger.o ABSOLUTE
    ISR.c                                    0x00000000   Number         0  isr.o ABSOLUTE
    ISR.c                                    0x00000000   Number         0  isr.o ABSOLUTE
    Joystick_MCB1700.c                       0x00000000   Number         0  joystick_mcb1700.o ABSOLUTE
    Joystick_MCB1700.c                       0x00000000   Number         0  joystick_mcb1700.o ABSOLUTE
    LED_LandTiger.c                          0x00000000   Number         0  led_landtiger.o ABSOLUTE
    Print.c                                  0x00000000   Number         0  print.o ABSOLUTE
    Print.c                                  0x00000000   Number         0  print.o ABSOLUTE
    RTE\Device\LPC1768\startup_LPC17xx.s     0x00000000   Number         0  startup_lpc17xx.o ABSOLUTE
    RTE\Device\LPC1768\system_LPC17xx.c      0x00000000   Number         0  system_lpc17xx.o ABSOLUTE
    RTE\\Device\\LPC1768\\system_LPC17xx.c   0x00000000   Number         0  system_lpc17xx.o ABSOLUTE
    Set.c                                    0x00000000   Number         0  set.o ABSOLUTE
    Set.c                                    0x00000000   Number         0  set.o ABSOLUTE
    dc.s                                     0x00000000   Number         0  dc.o ABSOLUTE
    globals.c                                0x00000000   Number         0  globals.o ABSOLUTE
    globals.c                                0x00000000   Number         0  globals.o ABSOLUTE
    main.c                                   0x00000000   Number         0  main.o ABSOLUTE
    main.c                                   0x00000000   Number         0  main.o ABSOLUTE
    !!!main                                  0x000000cc   Section        8  __main.o(!!!main)
    !!!scatter                               0x000000d4   Section       52  __scatter.o(!!!scatter)
    !!handler_copy                           0x00000108   Section       26  __scatter_copy.o(!!handler_copy)
    !!handler_zi                             0x00000124   Section       28  __scatter_zi.o(!!handler_zi)
    .ARM.Collect$$_printf_percent$$00000000  0x00000140   Section        0  _printf_percent.o(.ARM.Collect$$_printf_percent$$00000000)
    .ARM.Collect$$_printf_percent$$00000009  0x00000140   Section        6  _printf_d.o(.ARM.Collect$$_printf_percent$$00000009)
    .ARM.Collect$$_printf_percent$$0000000A  0x00000146   Section        6  _printf_u.o(.ARM.Collect$$_printf_percent$$0000000A)
    .ARM.Collect$$_printf_percent$$00000017  0x0000014c   Section        4  _printf_percent_end.o(.ARM.Collect$$_printf_percent$$00000017)
    .ARM.Collect$$libinit$$00000000          0x00000150   Section        2  libinit.o(.ARM.Collect$$libinit$$00000000)
    .ARM.Collect$$libinit$$00000002          0x00000152   Section        0  libinit2.o(.ARM.Collect$$libinit$$00000002)
    .ARM.Collect$$libinit$$00000004          0x00000152   Section        0  libinit2.o(.ARM.Collect$$libinit$$00000004)
    .ARM.Collect$$libinit$$0000000A          0x00000152   Section        0  libinit2.o(.ARM.Collect$$libinit$$0000000A)
    .ARM.Collect$$libinit$$0000000C          0x00000152   Section        0  libinit2.o(.ARM.Collect$$libinit$$0000000C)
    .ARM.Collect$$libinit$$0000000E          0x00000152   Section        0  libinit2.o(.ARM.Collect$$libinit$$0000000E)
    .ARM.Collect$$libinit$$00000011          0x00000152   Section        0  libinit2.o(.ARM.Collect$$libinit$$00000011)
    .ARM.Collect$$libinit$$00000013          0x00000152   Section        0  libinit2.o(.ARM.Collect$$libinit$$00000013)
    .ARM.Collect$$libinit$$00000015          0x00000152   Section        0  libinit2.o(.ARM.Collect$$libinit$$00000015)
    .ARM.Collect$$libinit$$00000017          0x00000152   Section        0  libinit2.o(.ARM.Collect$$libinit$$00000017)
    .ARM.Collect$$libinit$$00000019          0x00000152   Section        0  libinit2.o(.ARM.Collect$$libinit$$00000019)
    .ARM.Collect$$libinit$$0000001B          0x00000152   Section        0  libinit2.o(.ARM.Collect$$libinit$$0000001B)
    .ARM.Collect$$libinit$$0000001D          0x00000152   Section        0  libinit2.o(.ARM.Collect$$libinit$$0000001D)
    .ARM.Collect$$libinit$$0000001F          0x00000152   Section        0  libinit2.o(.ARM.Collect$$libinit$$0000001F)
    .ARM.Collect$$libinit$$00000021          0x00000152   Section        0  libinit2.o(.ARM.Collect$$libinit$$00000021)
    .ARM.Collect$$libinit$$00000023          0x00000152   Section        0  libinit2.o(.ARM.Collect$$libinit$$00000023)
    .ARM.Collect$$libinit$$00000025          0x00000152   Section        0  libinit2.o(.ARM.Collect$$libinit$$00000025)
    .ARM.Collect$$libinit$$0000002C          0x00000152   Section        0  libinit2.o(.ARM.Collect$$libinit$$0000002C)
    .ARM.Collect$$libinit$$0000002E          0x00000152   Section        0  libinit2.o(.ARM.Collect$$libinit$$0000002E)
    .ARM.Collect$$libinit$$00000030          0x00000152   Section        0  libinit2.o(.ARM.Collect$$libinit$$00000030)
    .ARM.Collect$$libinit$$00000032          0x00000152   Section        0  libinit2.o(.ARM.Collect$$libinit$$00000032)
    .ARM.Collect$$libinit$$00000033          0x00000152   Section        2  libinit2.o(.ARM.Collect$$libinit$$00000033)
    .ARM.Collect$$libshutdown$$00000000      0x00000154   Section        2  libshutdown.o(.ARM.Collect$$libshutdown$$00000000)
    .ARM.Collect$$libshutdown$$00000002      0x00000156   Section        0  libshutdown2.o(.ARM.Collect$$libshutdown$$00000002)
    .ARM.Collect$$libshutdown$$00000004      0x00000156   Section        0  libshutdown2.o(.ARM.Collect$$libshutdown$$00000004)
    .ARM.Collect$$libshutdown$$00000007      0x00000156   Section        0  libshutdown2.o(.ARM.Collect$$libshutdown$$00000007)
    .ARM.Collect$$libshutdown$$0000000A      0x00000156   Section        0  libshutdown2.o(.ARM.Collect$$libshutdown$$0000000A)
    .ARM.Collect$$libshutdown$$0000000C      0x00000156   Section        0  libshutdown2.o(.ARM.Collect$$libshutdown$$0000000C)
    .ARM.Collect$$libshutdown$$0000000F      0x00000156   Section        0  libshutdown2.o(.ARM.Collect$$libshutdown$$0000000F)
    .ARM.Collect$$libshutdown$$00000010      0x00000156   Section        2  libshutdown2.o(.ARM.Collect$$libshutdown$$00000010)
    .ARM.Collect$$rtentry$$00000000          0x00000158   Section        0  __rtentry.o(.ARM.Collect$$rtentry$$00000000)
    .ARM.Collect$$rtentry$$00000002          0x00000158   Section        0  __rtentry2.o(.ARM.Collect$$rtentry$$00000002)
    .ARM.Collect$$rtentry$$00000004          0x00000158   Section        6  __rtentry4.o(.ARM.Collect$$rtentry$$00000004)
    .ARM.Collect$$rtentry$$00000009          0x0000015e   Section        0  __rtentry2.o(.ARM.Collect$$rtentry$$00000009)
    .ARM.Collect$$rtentry$$0000000A          0x0000015e   Section        4  __rtentry2.o(.ARM.Collect$$rtentry$$0000000A)
    .ARM.Collect$$rtentry$$0000000C          0x00000162   Section        0  __rtentry2.o(.ARM.Collect$$rtentry$$0000000C)
    .ARM.Collect$$rtentry$$0000000D          0x00000162   Section        8  __rtentry2.o(.ARM.Collect$$rtentry$$0000000D)
    .ARM.Collect$$rtexit$$00000000           0x0000016a   Section        2  rtexit.o(.ARM.Collect$$rtexit$$00000000)
    .ARM.Collect$$rtexit$$00000002           0x0000016c   Section        0  rtexit2.o(.ARM.Collect$$rtexit$$00000002)
    .ARM.Collect$$rtexit$$00000003           0x0000016c   Section        4  rtexit2.o(.ARM.Collect$$rtexit$$00000003)
    .ARM.Collect$$rtexit$$00000004           0x00000170   Section        6  rtexit2.o(.ARM.Collect$$rtexit$$00000004)
    .emb_text                                0x00000178   Section        4  glcd_landtiger.o(.emb_text)
    .text                                    0x0000017c   Section       60  startup_lpc17xx.o(.text)
    .text                                    0x000001b8   Section        0  noretval__2sprintf.o(.text)
    .text                                    0x000001e0   Section        0  _printf_pad.o(.text)
    .text                                    0x00000230   Section        0  _printf_dec.o(.text)
    .text                                    0x000002a8   Section       78  rt_memclr_w.o(.text)
    .text                                    0x000002f6   Section        0  heapauxi.o(.text)
    .ARM.__at_0x02FC                         0x000002fc   Section        4  startup_lpc17xx.o(.ARM.__at_0x02FC)
    .text                                    0x00000300   Section        0  __printf_wp.o(.text)
    .text                                    0x0000040e   Section        0  _printf_intcommon.o(.text)
    .text                                    0x000004c0   Section        0  _printf_char_common.o(.text)
    _printf_input_char                       0x000004c1   Thumb Code    10  _printf_char_common.o(.text)
    .text                                    0x000004f0   Section        0  _sputc.o(.text)
    .text                                    0x000004fa   Section       74  sys_stackheap_outer.o(.text)
    .text                                    0x00000544   Section        0  exit.o(.text)
    .text                                    0x00000558   Section        8  libspace.o(.text)
    .text                                    0x00000560   Section        0  sys_exit.o(.text)
    .text                                    0x0000056c   Section        2  use_no_semi.o(.text)
    .text                                    0x0000056e   Section        0  indicate_semi.o(.text)
    i.ADC_ConversionDone                     0x00000570   Section        0  adc_landtiger.o(i.ADC_ConversionDone)
    i.ADC_GetValue                           0x00000584   Section        0  adc_landtiger.o(i.ADC_GetValue)
    i.ADC_IRQHandler                         0x000005a4   Section        0  adc_landtiger.o(i.ADC_IRQHandler)
    i.ADC_Initialize                         0x000005cc   Section        0  adc_landtiger.o(i.ADC_Initialize)
    i.ADC_StartConversion                    0x0000062c   Section        0  adc_landtiger.o(i.ADC_StartConversion)
    i.AnimationApple                         0x0000064c   Section        0  print.o(i.AnimationApple)
    i.Buttons_GetState                       0x00000718   Section        0  buttons_landtiger.o(i.Buttons_GetState)
    i.Buttons_Initialize                     0x00000740   Section        0  buttons_landtiger.o(i.Buttons_Initialize)
    i.Clear_Channel_active_flag              0x0000078c   Section        0  gpdma_lpc17xx.o(i.Clear_Channel_active_flag)
    Clear_Channel_active_flag                0x0000078d   Thumb Code    28  gpdma_lpc17xx.o(i.Clear_Channel_active_flag)
    i.DMA_IRQHandler                         0x000007ac   Section        0  gpdma_lpc17xx.o(i.DMA_IRQHandler)
    i.Death                                  0x0000092c   Section        0  eat-death.o(i.Death)
    i.Eat                                    0x00000974   Section        0  eat-death.o(i.Eat)
    i.GLCD_Bargraph                          0x000009d4   Section        0  glcd_landtiger.o(i.GLCD_Bargraph)
    i.GLCD_Clear                             0x00000a54   Section        0  glcd_landtiger.o(i.GLCD_Clear)
    i.GLCD_DisplayChar                       0x00000abc   Section        0  glcd_landtiger.o(i.GLCD_DisplayChar)
    i.GLCD_DisplayString                     0x00000b18   Section        0  glcd_landtiger.o(i.GLCD_DisplayString)
    i.GLCD_DrawChar_U16                      0x00000b44   Section        0  glcd_landtiger.o(i.GLCD_DrawChar_U16)
    i.GLCD_DrawChar_U8                       0x00000bc8   Section        0  glcd_landtiger.o(i.GLCD_DrawChar_U8)
    i.GLCD_Init                              0x00000c4c   Section        0  glcd_landtiger.o(i.GLCD_Init)
    i.GLCD_PutPixel                          0x00001468   Section        0  glcd_landtiger.o(i.GLCD_PutPixel)
    i.GLCD_SetBackColor                      0x000014d4   Section        0  glcd_landtiger.o(i.GLCD_SetBackColor)
    i.GLCD_SetTextColor                      0x000014e0   Section        0  glcd_landtiger.o(i.GLCD_SetTextColor)
    i.GLCD_SetWindow                         0x000014ec   Section        0  glcd_landtiger.o(i.GLCD_SetWindow)
    i.GLCD_WindowMax                         0x00001584   Section        0  glcd_landtiger.o(i.GLCD_WindowMax)
    i.GPDMA_ChannelConfigure                 0x00001598   Section        0  gpdma_lpc17xx.o(i.GPDMA_ChannelConfigure)
    i.GPDMA_ChannelDisable                   0x0000168c   Section        0  gpdma_lpc17xx.o(i.GPDMA_ChannelDisable)
    i.GPDMA_ChannelGetCount                  0x000016bc   Section        0  gpdma_lpc17xx.o(i.GPDMA_ChannelGetCount)
    i.GPDMA_Initialize                       0x000016ec   Section        0  gpdma_lpc17xx.o(i.GPDMA_Initialize)
    i.GPDMA_PeripheralSelect                 0x00001794   Section        0  gpdma_lpc17xx.o(i.GPDMA_PeripheralSelect)
    i.GPDMA_Uninitialize                     0x000017d8   Section        0  gpdma_lpc17xx.o(i.GPDMA_Uninitialize)
    i.GPIO_PinRead                           0x00001858   Section        0  gpio_lpc17xx.o(i.GPIO_PinRead)
    i.GPIO_PinWrite                          0x00001878   Section        0  gpio_lpc17xx.o(i.GPIO_PinWrite)
    i.GPIO_PortClock                         0x000018a0   Section        0  gpio_lpc17xx.o(i.GPIO_PortClock)
    i.GPIO_SetDir                            0x000018cc   Section        0  gpio_lpc17xx.o(i.GPIO_SetDir)
    i.GetSSPClockFreq                        0x00001904   Section        0  ssp_lpc17xx.o(i.GetSSPClockFreq)
    GetSSPClockFreq                          0x00001905   Thumb Code    64  ssp_lpc17xx.o(i.GetSSPClockFreq)
    i.InitializeBoard                        0x00001948   Section        0  main.o(i.InitializeBoard)
    i.Joystick                               0x000019c8   Section        0  set.o(i.Joystick)
    i.Joystick_GetState                      0x00001a50   Section        0  joystick_mcb1700.o(i.Joystick_GetState)
    i.Joystick_Initialize                    0x00001aac   Section        0  joystick_mcb1700.o(i.Joystick_Initialize)
    i.LED_Initialize                         0x00001af4   Section        0  led_landtiger.o(i.LED_Initialize)
    i.Menu                                   0x00001b50   Section        0  print.o(i.Menu)
    i.PIN_Configure                          0x00001de0   Section        0  pin_lpc17xx.o(i.PIN_Configure)
    i.PrintApple                             0x00001edc   Section        0  print.o(i.PrintApple)
    i.PrintSnake                             0x00001f88   Section        0  print.o(i.PrintSnake)
    i.SSP0_Control                           0x00002120   Section        0  ssp_lpc17xx.o(i.SSP0_Control)
    SSP0_Control                             0x00002121   Thumb Code    18  ssp_lpc17xx.o(i.SSP0_Control)
    i.SSP0_GPDMA_Rx_SignalEvent              0x00002138   Section        0  ssp_lpc17xx.o(i.SSP0_GPDMA_Rx_SignalEvent)
    i.SSP0_GPDMA_Tx_SignalEvent              0x0000214c   Section        0  ssp_lpc17xx.o(i.SSP0_GPDMA_Tx_SignalEvent)
    i.SSP0_GetDataCount                      0x00002160   Section        0  ssp_lpc17xx.o(i.SSP0_GetDataCount)
    SSP0_GetDataCount                        0x00002161   Thumb Code    10  ssp_lpc17xx.o(i.SSP0_GetDataCount)
    i.SSP0_GetStatus                         0x00002170   Section        0  ssp_lpc17xx.o(i.SSP0_GetStatus)
    SSP0_GetStatus                           0x00002171   Thumb Code    12  ssp_lpc17xx.o(i.SSP0_GetStatus)
    i.SSP0_IRQHandler                        0x00002180   Section        0  ssp_lpc17xx.o(i.SSP0_IRQHandler)
    i.SSP0_Initialize                        0x00002190   Section        0  ssp_lpc17xx.o(i.SSP0_Initialize)
    SSP0_Initialize                          0x00002191   Thumb Code    14  ssp_lpc17xx.o(i.SSP0_Initialize)
    i.SSP0_PowerControl                      0x000021a4   Section        0  ssp_lpc17xx.o(i.SSP0_PowerControl)
    SSP0_PowerControl                        0x000021a5   Thumb Code    14  ssp_lpc17xx.o(i.SSP0_PowerControl)
    i.SSP0_Receive                           0x000021b8   Section        0  ssp_lpc17xx.o(i.SSP0_Receive)
    SSP0_Receive                             0x000021b9   Thumb Code    18  ssp_lpc17xx.o(i.SSP0_Receive)
    i.SSP0_Send                              0x000021d0   Section        0  ssp_lpc17xx.o(i.SSP0_Send)
    SSP0_Send                                0x000021d1   Thumb Code    18  ssp_lpc17xx.o(i.SSP0_Send)
    i.SSP0_Transfer                          0x000021e8   Section        0  ssp_lpc17xx.o(i.SSP0_Transfer)
    SSP0_Transfer                            0x000021e9   Thumb Code    22  ssp_lpc17xx.o(i.SSP0_Transfer)
    i.SSP0_Uninitialize                      0x00002204   Section        0  ssp_lpc17xx.o(i.SSP0_Uninitialize)
    SSP0_Uninitialize                        0x00002205   Thumb Code    10  ssp_lpc17xx.o(i.SSP0_Uninitialize)
    i.SSP1_Control                           0x00002214   Section        0  ssp_lpc17xx.o(i.SSP1_Control)
    SSP1_Control                             0x00002215   Thumb Code    18  ssp_lpc17xx.o(i.SSP1_Control)
    i.SSP1_GPDMA_Rx_SignalEvent              0x0000222c   Section        0  ssp_lpc17xx.o(i.SSP1_GPDMA_Rx_SignalEvent)
    i.SSP1_GPDMA_Tx_SignalEvent              0x00002240   Section        0  ssp_lpc17xx.o(i.SSP1_GPDMA_Tx_SignalEvent)
    i.SSP1_GetDataCount                      0x00002254   Section        0  ssp_lpc17xx.o(i.SSP1_GetDataCount)
    SSP1_GetDataCount                        0x00002255   Thumb Code    10  ssp_lpc17xx.o(i.SSP1_GetDataCount)
    i.SSP1_GetStatus                         0x00002264   Section        0  ssp_lpc17xx.o(i.SSP1_GetStatus)
    SSP1_GetStatus                           0x00002265   Thumb Code    12  ssp_lpc17xx.o(i.SSP1_GetStatus)
    i.SSP1_IRQHandler                        0x00002274   Section        0  ssp_lpc17xx.o(i.SSP1_IRQHandler)
    i.SSP1_Initialize                        0x00002284   Section        0  ssp_lpc17xx.o(i.SSP1_Initialize)
    SSP1_Initialize                          0x00002285   Thumb Code    14  ssp_lpc17xx.o(i.SSP1_Initialize)
    i.SSP1_PowerControl                      0x00002298   Section        0  ssp_lpc17xx.o(i.SSP1_PowerControl)
    SSP1_PowerControl                        0x00002299   Thumb Code    14  ssp_lpc17xx.o(i.SSP1_PowerControl)
    i.SSP1_Receive                           0x000022ac   Section        0  ssp_lpc17xx.o(i.SSP1_Receive)
    SSP1_Receive                             0x000022ad   Thumb Code    18  ssp_lpc17xx.o(i.SSP1_Receive)
    i.SSP1_Send                              0x000022c4   Section        0  ssp_lpc17xx.o(i.SSP1_Send)
    SSP1_Send                                0x000022c5   Thumb Code    18  ssp_lpc17xx.o(i.SSP1_Send)
    i.SSP1_Transfer                          0x000022dc   Section        0  ssp_lpc17xx.o(i.SSP1_Transfer)
    SSP1_Transfer                            0x000022dd   Thumb Code    22  ssp_lpc17xx.o(i.SSP1_Transfer)
    i.SSP1_Uninitialize                      0x000022f8   Section        0  ssp_lpc17xx.o(i.SSP1_Uninitialize)
    SSP1_Uninitialize                        0x000022f9   Thumb Code    10  ssp_lpc17xx.o(i.SSP1_Uninitialize)
    i.SSP_GetCapabilities                    0x00002308   Section        0  ssp_lpc17xx.o(i.SSP_GetCapabilities)
    SSP_GetCapabilities                      0x00002309   Thumb Code     6  ssp_lpc17xx.o(i.SSP_GetCapabilities)
    i.SSP_GetVersion                         0x00002314   Section        0  ssp_lpc17xx.o(i.SSP_GetVersion)
    SSP_GetVersion                           0x00002315   Thumb Code    10  ssp_lpc17xx.o(i.SSP_GetVersion)
    i.SSPx_Control                           0x00002324   Section        0  ssp_lpc17xx.o(i.SSPx_Control)
    SSPx_Control                             0x00002325   Thumb Code  1310  ssp_lpc17xx.o(i.SSPx_Control)
    i.SSPx_GPDMA_Rx_SignalEvent              0x00002842   Section        0  ssp_lpc17xx.o(i.SSPx_GPDMA_Rx_SignalEvent)
    i.SSPx_GPDMA_Tx_SignalEvent              0x00002878   Section        0  ssp_lpc17xx.o(i.SSPx_GPDMA_Tx_SignalEvent)
    i.SSPx_GetDataCount                      0x00002894   Section        0  ssp_lpc17xx.o(i.SSPx_GetDataCount)
    SSPx_GetDataCount                        0x00002895   Thumb Code    44  ssp_lpc17xx.o(i.SSPx_GetDataCount)
    i.SSPx_GetStatus                         0x000028c0   Section        0  ssp_lpc17xx.o(i.SSPx_GetStatus)
    SSPx_GetStatus                           0x000028c1   Thumb Code    90  ssp_lpc17xx.o(i.SSPx_GetStatus)
    i.SSPx_IRQHandler                        0x0000291a   Section        0  ssp_lpc17xx.o(i.SSPx_IRQHandler)
    SSPx_IRQHandler                          0x0000291b   Thumb Code   260  ssp_lpc17xx.o(i.SSPx_IRQHandler)
    i.SSPx_Initialize                        0x00002a1e   Section        0  ssp_lpc17xx.o(i.SSPx_Initialize)
    SSPx_Initialize                          0x00002a1f   Thumb Code   168  ssp_lpc17xx.o(i.SSPx_Initialize)
    i.SSPx_PowerControl                      0x00002ac8   Section        0  ssp_lpc17xx.o(i.SSPx_PowerControl)
    SSPx_PowerControl                        0x00002ac9   Thumb Code   430  ssp_lpc17xx.o(i.SSPx_PowerControl)
    i.SSPx_Receive                           0x00002c7c   Section        0  ssp_lpc17xx.o(i.SSPx_Receive)
    SSPx_Receive                             0x00002c7d   Thumb Code   344  ssp_lpc17xx.o(i.SSPx_Receive)
    i.SSPx_Send                              0x00002dd8   Section        0  ssp_lpc17xx.o(i.SSPx_Send)
    SSPx_Send                                0x00002dd9   Thumb Code   336  ssp_lpc17xx.o(i.SSPx_Send)
    i.SSPx_Transfer                          0x00002f2c   Section        0  ssp_lpc17xx.o(i.SSPx_Transfer)
    SSPx_Transfer                            0x00002f2d   Thumb Code   338  ssp_lpc17xx.o(i.SSPx_Transfer)
    i.SSPx_Uninitialize                      0x0000307e   Section        0  ssp_lpc17xx.o(i.SSPx_Uninitialize)
    SSPx_Uninitialize                        0x0000307f   Thumb Code   112  ssp_lpc17xx.o(i.SSPx_Uninitialize)
    i.SetApple                               0x000030f0   Section        0  set.o(i.SetApple)
    i.SetSnake                               0x00003104   Section        0  set.o(i.SetSnake)
    i.SetTime                                0x000031cc   Section        0  set.o(i.SetTime)
    i.Set_Channel_active_flag                0x00003290   Section        0  gpdma_lpc17xx.o(i.Set_Channel_active_flag)
    Set_Channel_active_flag                  0x00003291   Thumb Code    50  gpdma_lpc17xx.o(i.Set_Channel_active_flag)
    i.SysTick_Handler                        0x000032c8   Section        0  isr.o(i.SysTick_Handler)
    i.SystemInit                             0x000032e8   Section        0  system_lpc17xx.o(i.SystemInit)
    i.__NVIC_ClearPendingIRQ                 0x00003428   Section        0  ssp_lpc17xx.o(i.__NVIC_ClearPendingIRQ)
    __NVIC_ClearPendingIRQ                   0x00003429   Thumb Code    22  ssp_lpc17xx.o(i.__NVIC_ClearPendingIRQ)
    i.__NVIC_ClearPendingIRQ                 0x00003444   Section        0  gpdma_lpc17xx.o(i.__NVIC_ClearPendingIRQ)
    __NVIC_ClearPendingIRQ                   0x00003445   Thumb Code    22  gpdma_lpc17xx.o(i.__NVIC_ClearPendingIRQ)
    i._is_digit                              0x00003460   Section        0  __printf_wp.o(i._is_digit)
    i.delay                                  0x0000346e   Section        0  glcd_landtiger.o(i.delay)
    delay                                    0x0000346f   Thumb Code    14  glcd_landtiger.o(i.delay)
    i.lcd_send                               0x0000347c   Section        0  glcd_landtiger.o(i.lcd_send)
    lcd_send                                 0x0000347d   Thumb Code    44  glcd_landtiger.o(i.lcd_send)
    i.main                                   0x000034ac   Section        0  main.o(i.main)
    i.rd_dat                                 0x00003768   Section        0  glcd_landtiger.o(i.rd_dat)
    rd_dat                                   0x00003769   Thumb Code    98  glcd_landtiger.o(i.rd_dat)
    i.rd_reg                                 0x000037d0   Section        0  glcd_landtiger.o(i.rd_reg)
    rd_reg                                   0x000037d1   Thumb Code    38  glcd_landtiger.o(i.rd_reg)
    i.wait_delay                             0x000037fc   Section        0  glcd_landtiger.o(i.wait_delay)
    i.wr_cmd                                 0x00003808   Section        0  glcd_landtiger.o(i.wr_cmd)
    wr_cmd                                   0x00003809   Thumb Code    44  glcd_landtiger.o(i.wr_cmd)
    i.wr_dat                                 0x00003838   Section        0  glcd_landtiger.o(i.wr_dat)
    wr_dat                                   0x00003839   Thumb Code    44  glcd_landtiger.o(i.wr_dat)
    i.wr_dat_only                            0x00003868   Section        0  glcd_landtiger.o(i.wr_dat_only)
    wr_dat_only                              0x00003869   Thumb Code    32  glcd_landtiger.o(i.wr_dat_only)
    i.wr_dat_start                           0x0000388c   Section        0  glcd_landtiger.o(i.wr_dat_start)
    wr_dat_start                             0x0000388d   Thumb Code    10  glcd_landtiger.o(i.wr_dat_start)
    i.wr_dat_stop                            0x0000389c   Section        0  glcd_landtiger.o(i.wr_dat_stop)
    wr_dat_stop                              0x0000389d   Thumb Code    10  glcd_landtiger.o(i.wr_dat_stop)
    i.wr_reg                                 0x000038ac   Section        0  glcd_landtiger.o(i.wr_reg)
    wr_reg                                   0x000038ad   Thumb Code    36  glcd_landtiger.o(i.wr_reg)
    x$fpl$dadd                               0x000038d4   Section      336  daddsub_clz.o(x$fpl$dadd)
    _dadd1                                   0x000038e5   Thumb Code     0  daddsub_clz.o(x$fpl$dadd)
    x$fpl$dcmpinf                            0x00003a24   Section       24  dcmpi.o(x$fpl$dcmpinf)
    x$fpl$ddiv                               0x00003a3c   Section      688  ddiv.o(x$fpl$ddiv)
    ddiv_entry                               0x00003a43   Thumb Code     0  ddiv.o(x$fpl$ddiv)
    x$fpl$dflt                               0x00003cec   Section       46  dflt_clz.o(x$fpl$dflt)
    x$fpl$dfltu                              0x00003d1a   Section       38  dflt_clz.o(x$fpl$dfltu)
    x$fpl$dleqf                              0x00003d40   Section      120  dleqf.o(x$fpl$dleqf)
    x$fpl$dnaninf                            0x00003db8   Section      156  dnaninf.o(x$fpl$dnaninf)
    x$fpl$dretinf                            0x00003e54   Section       12  dretinf.o(x$fpl$dretinf)
    x$fpl$drleqf                             0x00003e60   Section      108  drleqf.o(x$fpl$drleqf)
    x$fpl$dsub                               0x00003ecc   Section      468  daddsub_clz.o(x$fpl$dsub)
    _dsub1                                   0x00003edd   Thumb Code     0  daddsub_clz.o(x$fpl$dsub)
    .constdata                               0x000040a0   Section        2  adc_landtiger.o(.constdata)
    x$fpl$usenofp                            0x000040a0   Section        0  usenofp.o(x$fpl$usenofp)
    .constdata                               0x000040a2   Section        4  buttons_landtiger.o(.constdata)
    .constdata                               0x000040a6   Section     6272  glcd_landtiger.o(.constdata)
    .constdata                               0x00005926   Section       16  led_landtiger.o(.constdata)
    .constdata                               0x00005936   Section       10  joystick_mcb1700.o(.constdata)
    .constdata                               0x00005940   Section      240  ssp_lpc17xx.o(.constdata)
    DriverVersion                            0x00005940   Data           4  ssp_lpc17xx.o(.constdata)
    DriverCapabilities                       0x00005944   Data           4  ssp_lpc17xx.o(.constdata)
    SSP0_Resources                           0x00005948   Data          72  ssp_lpc17xx.o(.constdata)
    SSP1_Resources                           0x00005990   Data          72  ssp_lpc17xx.o(.constdata)
    .data                                    0x10000000   Section      199  globals.o(.data)
    .data                                    0x100000c8   Section       10  print.o(.data)
    sApple                                   0x100000c8   Data           8  print.o(.data)
    iSpeed_Anamtion_Apple                    0x100000d0   Data           2  print.o(.data)
    .data                                    0x100000d4   Section        4  set.o(.data)
    iStaticTimer                             0x100000d4   Data           4  set.o(.data)
    .data                                    0x100000d8   Section        3  adc_landtiger.o(.data)
    AD_last                                  0x100000d8   Data           2  adc_landtiger.o(.data)
    AD_done                                  0x100000da   Data           1  adc_landtiger.o(.data)
    .data                                    0x100000dc   Section        6  glcd_landtiger.o(.data)
    TextColor                                0x100000dc   Data           2  glcd_landtiger.o(.data)
    BackColor                                0x100000de   Data           2  glcd_landtiger.o(.data)
    driverCode                               0x100000e0   Data           2  glcd_landtiger.o(.data)
    .data                                    0x100000e4   Section       24  ssp_lpc17xx.o(.data)
    SSPO_pin_sck                             0x100000e4   Data           2  ssp_lpc17xx.o(.data)
    SSPO_pin_miso                            0x100000e6   Data           2  ssp_lpc17xx.o(.data)
    SSPO_pin_mosi                            0x100000e8   Data           2  ssp_lpc17xx.o(.data)
    SSPO_pin_ssel                            0x100000ea   Data           2  ssp_lpc17xx.o(.data)
    SSP1_pin_sck                             0x100000ec   Data           2  ssp_lpc17xx.o(.data)
    SSP1_pin_miso                            0x100000ee   Data           2  ssp_lpc17xx.o(.data)
    SSP1_pin_mosi                            0x100000f0   Data           2  ssp_lpc17xx.o(.data)
    SSP1_pin_ssel                            0x100000f2   Data           2  ssp_lpc17xx.o(.data)
    dummy_data                               0x100000f4   Data           4  ssp_lpc17xx.o(.data)
    dummy_data                               0x100000f8   Data           4  ssp_lpc17xx.o(.data)
    .data                                    0x100000fc   Section        8  gpdma_lpc17xx.o(.data)
    Channel_active                           0x100000fc   Data           4  gpdma_lpc17xx.o(.data)
    Init_cnt                                 0x10000100   Data           4  gpdma_lpc17xx.o(.data)
    .data                                    0x10000104   Section        4  system_lpc17xx.o(.data)
    .bss                                     0x10000108   Section       50  globals.o(.bss)
    .bss                                     0x1000013c   Section       80  ssp_lpc17xx.o(.bss)
    SSP0_Info                                0x1000013c   Data          12  ssp_lpc17xx.o(.bss)
    SSP0_Xfer                                0x10000148   Data          28  ssp_lpc17xx.o(.bss)
    SSP1_Info                                0x10000164   Data          12  ssp_lpc17xx.o(.bss)
    SSP1_Xfer                                0x10000170   Data          28  ssp_lpc17xx.o(.bss)
    .bss                                     0x1000018c   Section      160  gpdma_lpc17xx.o(.bss)
    Channel_info                             0x1000018c   Data         160  gpdma_lpc17xx.o(.bss)
    .bss                                     0x1000022c   Section       96  libspace.o(.bss)
    HEAP                                     0x10000290   Section        0  startup_lpc17xx.o(HEAP)
    STACK                                    0x10000290   Section     1024  startup_lpc17xx.o(STACK)
    Heap_Mem                                 0x10000290   Data           0  startup_lpc17xx.o(HEAP)
    Stack_Mem                                0x10000290   Data        1024  startup_lpc17xx.o(STACK)
    __initial_sp                             0x10000690   Data           0  startup_lpc17xx.o(STACK)

    Global Symbols

    Symbol Name                              Value     Ov Type        Size  Object(Section)

    BuildAttributes$$THM_ISAv4$P$D$K$B$S$PE$A:L22UL41UL21$X:L11$S22US41US21$IEEE1$IW$USESV6$~STKCKD$USESV7$~SHL$OSPACE$ROPI$EBA8$UX$STANDARDLIB$REQ8$PRES8$EABIv2 0x00000000   Number         0  anon$$obj.o ABSOLUTE
    __ARM_use_no_argv                        0x00000000   Number         0  main.o ABSOLUTE
    __Vectors                                0x00000000   Data           4  startup_lpc17xx.o(RESET)
    _printf_flags                            0x00000000   Number         0  printf_stubs.o ABSOLUTE
    _printf_return_value                     0x00000000   Number         0  printf_stubs.o ABSOLUTE
    _printf_sizespec                         0x00000000   Number         0  printf_stubs.o ABSOLUTE
    _printf_widthprec                        0x00000000   Number         0  printf_stubs.o ABSOLUTE
    __ARM_exceptions_init                     - Undefined Weak Reference
    __alloca_initialize                       - Undefined Weak Reference
    __arm_preinit_                            - Undefined Weak Reference
    __cpp_initialize__aeabi_                  - Undefined Weak Reference
    __cxa_finalize                            - Undefined Weak Reference
    __rt_locale                               - Undefined Weak Reference
    __sigvec_lookup                           - Undefined Weak Reference
    _atexit_init                              - Undefined Weak Reference
    _call_atexit_fns                          - Undefined Weak Reference
    _clock_init                               - Undefined Weak Reference
    _fp_trap_init                             - Undefined Weak Reference
    _fp_trap_shutdown                         - Undefined Weak Reference
    _get_lc_collate                           - Undefined Weak Reference
    _get_lc_ctype                             - Undefined Weak Reference
    _get_lc_monetary                          - Undefined Weak Reference
    _get_lc_numeric                           - Undefined Weak Reference
    _get_lc_time                              - Undefined Weak Reference
    _getenv_init                              - Undefined Weak Reference
    _handle_redirection                       - Undefined Weak Reference
    _init_alloc                               - Undefined Weak Reference
    _init_user_alloc                          - Undefined Weak Reference
    _initio                                   - Undefined Weak Reference
    _printf_truncate_signed                   - Undefined Weak Reference
    _printf_truncate_unsigned                 - Undefined Weak Reference
    _rand_init                                - Undefined Weak Reference
    _signal_finish                            - Undefined Weak Reference
    _signal_init                              - Undefined Weak Reference
    _terminate_alloc                          - Undefined Weak Reference
    _terminate_user_alloc                     - Undefined Weak Reference
    _terminateio                              - Undefined Weak Reference
    __main                                   0x000000cd   Thumb Code     8  __main.o(!!!main)
    __scatterload                            0x000000d5   Thumb Code     0  __scatter.o(!!!scatter)
    __scatterload_rt2                        0x000000d5   Thumb Code    44  __scatter.o(!!!scatter)
    __scatterload_rt2_thumb_only             0x000000d5   Thumb Code     0  __scatter.o(!!!scatter)
    __scatterload_null                       0x000000e3   Thumb Code     0  __scatter.o(!!!scatter)
    __scatterload_copy                       0x00000109   Thumb Code    26  __scatter_copy.o(!!handler_copy)
    __scatterload_zeroinit                   0x00000125   Thumb Code    28  __scatter_zi.o(!!handler_zi)
    _printf_d                                0x00000141   Thumb Code     0  _printf_d.o(.ARM.Collect$$_printf_percent$$00000009)
    _printf_percent                          0x00000141   Thumb Code     0  _printf_percent.o(.ARM.Collect$$_printf_percent$$00000000)
    _printf_u                                0x00000147   Thumb Code     0  _printf_u.o(.ARM.Collect$$_printf_percent$$0000000A)
    _printf_percent_end                      0x0000014d   Thumb Code     0  _printf_percent_end.o(.ARM.Collect$$_printf_percent$$00000017)
    __rt_lib_init                            0x00000151   Thumb Code     0  libinit.o(.ARM.Collect$$libinit$$00000000)
    __rt_lib_init_alloca_1                   0x00000153   Thumb Code     0  libinit2.o(.ARM.Collect$$libinit$$0000002E)
    __rt_lib_init_argv_1                     0x00000153   Thumb Code     0  libinit2.o(.ARM.Collect$$libinit$$0000002C)
    __rt_lib_init_atexit_1                   0x00000153   Thumb Code     0  libinit2.o(.ARM.Collect$$libinit$$0000001B)
    __rt_lib_init_clock_1                    0x00000153   Thumb Code     0  libinit2.o(.ARM.Collect$$libinit$$00000021)
    __rt_lib_init_cpp_1                      0x00000153   Thumb Code     0  libinit2.o(.ARM.Collect$$libinit$$00000032)
    __rt_lib_init_exceptions_1               0x00000153   Thumb Code     0  libinit2.o(.ARM.Collect$$libinit$$00000030)
    __rt_lib_init_fp_1                       0x00000153   Thumb Code     0  libinit2.o(.ARM.Collect$$libinit$$00000002)
    __rt_lib_init_fp_trap_1                  0x00000153   Thumb Code     0  libinit2.o(.ARM.Collect$$libinit$$0000001F)
    __rt_lib_init_getenv_1                   0x00000153   Thumb Code     0  libinit2.o(.ARM.Collect$$libinit$$00000023)
    __rt_lib_init_heap_1                     0x00000153   Thumb Code     0  libinit2.o(.ARM.Collect$$libinit$$0000000A)
    __rt_lib_init_lc_collate_1               0x00000153   Thumb Code     0  libinit2.o(.ARM.Collect$$libinit$$00000011)
    __rt_lib_init_lc_ctype_1                 0x00000153   Thumb Code     0  libinit2.o(.ARM.Collect$$libinit$$00000013)
    __rt_lib_init_lc_monetary_1              0x00000153   Thumb Code     0  libinit2.o(.ARM.Collect$$libinit$$00000015)
    __rt_lib_init_lc_numeric_1               0x00000153   Thumb Code     0  libinit2.o(.ARM.Collect$$libinit$$00000017)
    __rt_lib_init_lc_time_1                  0x00000153   Thumb Code     0  libinit2.o(.ARM.Collect$$libinit$$00000019)
    __rt_lib_init_preinit_1                  0x00000153   Thumb Code     0  libinit2.o(.ARM.Collect$$libinit$$00000004)
    __rt_lib_init_rand_1                     0x00000153   Thumb Code     0  libinit2.o(.ARM.Collect$$libinit$$0000000E)
    __rt_lib_init_return                     0x00000153   Thumb Code     0  libinit2.o(.ARM.Collect$$libinit$$00000033)
    __rt_lib_init_signal_1                   0x00000153   Thumb Code     0  libinit2.o(.ARM.Collect$$libinit$$0000001D)
    __rt_lib_init_stdio_1                    0x00000153   Thumb Code     0  libinit2.o(.ARM.Collect$$libinit$$00000025)
    __rt_lib_init_user_alloc_1               0x00000153   Thumb Code     0  libinit2.o(.ARM.Collect$$libinit$$0000000C)
    __rt_lib_shutdown                        0x00000155   Thumb Code     0  libshutdown.o(.ARM.Collect$$libshutdown$$00000000)
    __rt_lib_shutdown_cpp_1                  0x00000157   Thumb Code     0  libshutdown2.o(.ARM.Collect$$libshutdown$$00000002)
    __rt_lib_shutdown_fp_trap_1              0x00000157   Thumb Code     0  libshutdown2.o(.ARM.Collect$$libshutdown$$00000007)
    __rt_lib_shutdown_heap_1                 0x00000157   Thumb Code     0  libshutdown2.o(.ARM.Collect$$libshutdown$$0000000F)
    __rt_lib_shutdown_return                 0x00000157   Thumb Code     0  libshutdown2.o(.ARM.Collect$$libshutdown$$00000010)
    __rt_lib_shutdown_signal_1               0x00000157   Thumb Code     0  libshutdown2.o(.ARM.Collect$$libshutdown$$0000000A)
    __rt_lib_shutdown_stdio_1                0x00000157   Thumb Code     0  libshutdown2.o(.ARM.Collect$$libshutdown$$00000004)
    __rt_lib_shutdown_user_alloc_1           0x00000157   Thumb Code     0  libshutdown2.o(.ARM.Collect$$libshutdown$$0000000C)
    __rt_entry                               0x00000159   Thumb Code     0  __rtentry.o(.ARM.Collect$$rtentry$$00000000)
    __rt_entry_presh_1                       0x00000159   Thumb Code     0  __rtentry2.o(.ARM.Collect$$rtentry$$00000002)
    __rt_entry_sh                            0x00000159   Thumb Code     0  __rtentry4.o(.ARM.Collect$$rtentry$$00000004)
    __rt_entry_li                            0x0000015f   Thumb Code     0  __rtentry2.o(.ARM.Collect$$rtentry$$0000000A)
    __rt_entry_postsh_1                      0x0000015f   Thumb Code     0  __rtentry2.o(.ARM.Collect$$rtentry$$00000009)
    __rt_entry_main                          0x00000163   Thumb Code     0  __rtentry2.o(.ARM.Collect$$rtentry$$0000000D)
    __rt_entry_postli_1                      0x00000163   Thumb Code     0  __rtentry2.o(.ARM.Collect$$rtentry$$0000000C)
    __rt_exit                                0x0000016b   Thumb Code     0  rtexit.o(.ARM.Collect$$rtexit$$00000000)
    __rt_exit_ls                             0x0000016d   Thumb Code     0  rtexit2.o(.ARM.Collect$$rtexit$$00000003)
    __rt_exit_prels_1                        0x0000016d   Thumb Code     0  rtexit2.o(.ARM.Collect$$rtexit$$00000002)
    __rt_exit_exit                           0x00000171   Thumb Code     0  rtexit2.o(.ARM.Collect$$rtexit$$00000004)
    wait                                     0x00000179   Thumb Code     4  glcd_landtiger.o(.emb_text)
    Reset_Handler                            0x0000017d   Thumb Code     8  startup_lpc17xx.o(.text)
    NMI_Handler                              0x00000185   Thumb Code     2  startup_lpc17xx.o(.text)
    HardFault_Handler                        0x00000187   Thumb Code     2  startup_lpc17xx.o(.text)
    MemManage_Handler                        0x00000189   Thumb Code     2  startup_lpc17xx.o(.text)
    BusFault_Handler                         0x0000018b   Thumb Code     2  startup_lpc17xx.o(.text)
    UsageFault_Handler                       0x0000018d   Thumb Code     2  startup_lpc17xx.o(.text)
    SVC_Handler                              0x0000018f   Thumb Code     2  startup_lpc17xx.o(.text)
    DebugMon_Handler                         0x00000191   Thumb Code     2  startup_lpc17xx.o(.text)
    PendSV_Handler                           0x00000193   Thumb Code     2  startup_lpc17xx.o(.text)
    BOD_IRQHandler                           0x00000197   Thumb Code     0  startup_lpc17xx.o(.text)
    CANActivity_IRQHandler                   0x00000197   Thumb Code     0  startup_lpc17xx.o(.text)
    CAN_IRQHandler                           0x00000197   Thumb Code     0  startup_lpc17xx.o(.text)
    EINT0_IRQHandler                         0x00000197   Thumb Code     0  startup_lpc17xx.o(.text)
    EINT1_IRQHandler                         0x00000197   Thumb Code     0  startup_lpc17xx.o(.text)
    EINT2_IRQHandler                         0x00000197   Thumb Code     0  startup_lpc17xx.o(.text)
    EINT3_IRQHandler                         0x00000197   Thumb Code     0  startup_lpc17xx.o(.text)
    ENET_IRQHandler                          0x00000197   Thumb Code     0  startup_lpc17xx.o(.text)
    I2C0_IRQHandler                          0x00000197   Thumb Code     0  startup_lpc17xx.o(.text)
    I2C1_IRQHandler                          0x00000197   Thumb Code     0  startup_lpc17xx.o(.text)
    I2C2_IRQHandler                          0x00000197   Thumb Code     0  startup_lpc17xx.o(.text)
    I2S_IRQHandler                           0x00000197   Thumb Code     0  startup_lpc17xx.o(.text)
    MCPWM_IRQHandler                         0x00000197   Thumb Code     0  startup_lpc17xx.o(.text)
    PLL0_IRQHandler                          0x00000197   Thumb Code     0  startup_lpc17xx.o(.text)
    PLL1_IRQHandler                          0x00000197   Thumb Code     0  startup_lpc17xx.o(.text)
    PWM1_IRQHandler                          0x00000197   Thumb Code     0  startup_lpc17xx.o(.text)
    QEI_IRQHandler                           0x00000197   Thumb Code     0  startup_lpc17xx.o(.text)
    RIT_IRQHandler                           0x00000197   Thumb Code     0  startup_lpc17xx.o(.text)
    RTC_IRQHandler                           0x00000197   Thumb Code     0  startup_lpc17xx.o(.text)
    SPI_IRQHandler                           0x00000197   Thumb Code     0  startup_lpc17xx.o(.text)
    TIMER0_IRQHandler                        0x00000197   Thumb Code     0  startup_lpc17xx.o(.text)
    TIMER1_IRQHandler                        0x00000197   Thumb Code     0  startup_lpc17xx.o(.text)
    TIMER2_IRQHandler                        0x00000197   Thumb Code     0  startup_lpc17xx.o(.text)
    TIMER3_IRQHandler                        0x00000197   Thumb Code     0  startup_lpc17xx.o(.text)
    UART0_IRQHandler                         0x00000197   Thumb Code     0  startup_lpc17xx.o(.text)
    UART1_IRQHandler                         0x00000197   Thumb Code     0  startup_lpc17xx.o(.text)
    UART2_IRQHandler                         0x00000197   Thumb Code     0  startup_lpc17xx.o(.text)
    UART3_IRQHandler                         0x00000197   Thumb Code     0  startup_lpc17xx.o(.text)
    USBActivity_IRQHandler                   0x00000197   Thumb Code     0  startup_lpc17xx.o(.text)
    USB_IRQHandler                           0x00000197   Thumb Code     0  startup_lpc17xx.o(.text)
    WDT_IRQHandler                           0x00000197   Thumb Code     0  startup_lpc17xx.o(.text)
    __user_initial_stackheap                 0x00000199   Thumb Code     0  startup_lpc17xx.o(.text)
    __2sprintf                               0x000001b9   Thumb Code    34  noretval__2sprintf.o(.text)
    _printf_pre_padding                      0x000001e1   Thumb Code    44  _printf_pad.o(.text)
    _printf_post_padding                     0x0000020d   Thumb Code    34  _printf_pad.o(.text)
    _printf_int_dec                          0x00000231   Thumb Code   104  _printf_dec.o(.text)
    __aeabi_memclr4                          0x000002a9   Thumb Code     0  rt_memclr_w.o(.text)
    __aeabi_memclr8                          0x000002a9   Thumb Code     0  rt_memclr_w.o(.text)
    __rt_memclr_w                            0x000002a9   Thumb Code    78  rt_memclr_w.o(.text)
    _memset_w                                0x000002ad   Thumb Code     0  rt_memclr_w.o(.text)
    __use_two_region_memory                  0x000002f7   Thumb Code     2  heapauxi.o(.text)
    __rt_heap_escrow$2region                 0x000002f9   Thumb Code     2  heapauxi.o(.text)
    __rt_heap_expand$2region                 0x000002fb   Thumb Code     2  heapauxi.o(.text)
    __printf                                 0x00000301   Thumb Code   270  __printf_wp.o(.text)
    _printf_int_common                       0x0000040f   Thumb Code   178  _printf_intcommon.o(.text)
    _printf_char_common                      0x000004cb   Thumb Code    32  _printf_char_common.o(.text)
    _sputc                                   0x000004f1   Thumb Code    10  _sputc.o(.text)
    __user_setup_stackheap                   0x000004fb   Thumb Code    74  sys_stackheap_outer.o(.text)
    exit                                     0x00000545   Thumb Code    18  exit.o(.text)
    __user_libspace                          0x00000559   Thumb Code     8  libspace.o(.text)
    __user_perproc_libspace                  0x00000559   Thumb Code     0  libspace.o(.text)
    __user_perthread_libspace                0x00000559   Thumb Code     0  libspace.o(.text)
    _sys_exit                                0x00000561   Thumb Code     8  sys_exit.o(.text)
    __I$use$semihosting                      0x0000056d   Thumb Code     0  use_no_semi.o(.text)
    __use_no_semihosting_swi                 0x0000056d   Thumb Code     2  use_no_semi.o(.text)
    __semihosting_library_function           0x0000056f   Thumb Code     0  indicate_semi.o(.text)
    ADC_ConversionDone                       0x00000571   Thumb Code    16  adc_landtiger.o(i.ADC_ConversionDone)
    ADC_GetValue                             0x00000585   Thumb Code    24  adc_landtiger.o(i.ADC_GetValue)
    ADC_IRQHandler                           0x000005a5   Thumb Code    28  adc_landtiger.o(i.ADC_IRQHandler)
    ADC_Initialize                           0x000005cd   Thumb Code    78  adc_landtiger.o(i.ADC_Initialize)
    ADC_StartConversion                      0x0000062d   Thumb Code    26  adc_landtiger.o(i.ADC_StartConversion)
    AnimationApple                           0x0000064d   Thumb Code   192  print.o(i.AnimationApple)
    Buttons_GetState                         0x00000719   Thumb Code    34  buttons_landtiger.o(i.Buttons_GetState)
    Buttons_Initialize                       0x00000741   Thumb Code    72  buttons_landtiger.o(i.Buttons_Initialize)
    DMA_IRQHandler                           0x000007ad   Thumb Code   372  gpdma_lpc17xx.o(i.DMA_IRQHandler)
    Death                                    0x0000092d   Thumb Code    66  eat-death.o(i.Death)
    Eat                                      0x00000975   Thumb Code    90  eat-death.o(i.Eat)
    GLCD_Bargraph                            0x000009d5   Thumb Code   114  glcd_landtiger.o(i.GLCD_Bargraph)
    GLCD_Clear                               0x00000a55   Thumb Code    96  glcd_landtiger.o(i.GLCD_Clear)
    GLCD_DisplayChar                         0x00000abd   Thumb Code    84  glcd_landtiger.o(i.GLCD_DisplayChar)
    GLCD_DisplayString                       0x00000b19   Thumb Code    44  glcd_landtiger.o(i.GLCD_DisplayString)
    GLCD_DrawChar_U16                        0x00000b45   Thumb Code   120  glcd_landtiger.o(i.GLCD_DrawChar_U16)
    GLCD_DrawChar_U8                         0x00000bc9   Thumb Code   120  glcd_landtiger.o(i.GLCD_DrawChar_U8)
    GLCD_Init                                0x00000c4d   Thumb Code  2072  glcd_landtiger.o(i.GLCD_Init)
    GLCD_PutPixel                            0x00001469   Thumb Code    96  glcd_landtiger.o(i.GLCD_PutPixel)
    GLCD_SetBackColor                        0x000014d5   Thumb Code     6  glcd_landtiger.o(i.GLCD_SetBackColor)
    GLCD_SetTextColor                        0x000014e1   Thumb Code     6  glcd_landtiger.o(i.GLCD_SetTextColor)
    GLCD_SetWindow                           0x000014ed   Thumb Code   148  glcd_landtiger.o(i.GLCD_SetWindow)
    GLCD_WindowMax                           0x00001585   Thumb Code    18  glcd_landtiger.o(i.GLCD_WindowMax)
    GPDMA_ChannelConfigure                   0x00001599   Thumb Code   232  gpdma_lpc17xx.o(i.GPDMA_ChannelConfigure)
    GPDMA_ChannelDisable                     0x0000168d   Thumb Code    44  gpdma_lpc17xx.o(i.GPDMA_ChannelDisable)
    GPDMA_ChannelGetCount                    0x000016bd   Thumb Code    38  gpdma_lpc17xx.o(i.GPDMA_ChannelGetCount)
    GPDMA_Initialize                         0x000016ed   Thumb Code   146  gpdma_lpc17xx.o(i.GPDMA_Initialize)
    GPDMA_PeripheralSelect                   0x00001795   Thumb Code    62  gpdma_lpc17xx.o(i.GPDMA_PeripheralSelect)
    GPDMA_Uninitialize                       0x000017d9   Thumb Code   116  gpdma_lpc17xx.o(i.GPDMA_Uninitialize)
    GPIO_PinRead                             0x00001859   Thumb Code    28  gpio_lpc17xx.o(i.GPIO_PinRead)
    GPIO_PinWrite                            0x00001879   Thumb Code    36  gpio_lpc17xx.o(i.GPIO_PinWrite)
    GPIO_PortClock                           0x000018a1   Thumb Code    38  gpio_lpc17xx.o(i.GPIO_PortClock)
    GPIO_SetDir                              0x000018cd   Thumb Code    52  gpio_lpc17xx.o(i.GPIO_SetDir)
    InitializeBoard                          0x00001949   Thumb Code   114  main.o(i.InitializeBoard)
    Joystick                                 0x000019c9   Thumb Code   134  set.o(i.Joystick)
    Joystick_GetState                        0x00001a51   Thumb Code    88  joystick_mcb1700.o(i.Joystick_GetState)
    Joystick_Initialize                      0x00001aad   Thumb Code    68  joystick_mcb1700.o(i.Joystick_Initialize)
    LED_Initialize                           0x00001af5   Thumb Code    88  led_landtiger.o(i.LED_Initialize)
    Menu                                     0x00001b51   Thumb Code   568  print.o(i.Menu)
    PIN_Configure                            0x00001de1   Thumb Code   246  pin_lpc17xx.o(i.PIN_Configure)
    PrintApple                               0x00001edd   Thumb Code   164  print.o(i.PrintApple)
    PrintSnake                               0x00001f89   Thumb Code   356  print.o(i.PrintSnake)
    SSP0_GPDMA_Rx_SignalEvent                0x00002139   Thumb Code    14  ssp_lpc17xx.o(i.SSP0_GPDMA_Rx_SignalEvent)
    SSP0_GPDMA_Tx_SignalEvent                0x0000214d   Thumb Code    14  ssp_lpc17xx.o(i.SSP0_GPDMA_Tx_SignalEvent)
    SSP0_IRQHandler                          0x00002181   Thumb Code    10  ssp_lpc17xx.o(i.SSP0_IRQHandler)
    SSP1_GPDMA_Rx_SignalEvent                0x0000222d   Thumb Code    14  ssp_lpc17xx.o(i.SSP1_GPDMA_Rx_SignalEvent)
    SSP1_GPDMA_Tx_SignalEvent                0x00002241   Thumb Code    14  ssp_lpc17xx.o(i.SSP1_GPDMA_Tx_SignalEvent)
    SSP1_IRQHandler                          0x00002275   Thumb Code    10  ssp_lpc17xx.o(i.SSP1_IRQHandler)
    SSPx_GPDMA_Rx_SignalEvent                0x00002843   Thumb Code    54  ssp_lpc17xx.o(i.SSPx_GPDMA_Rx_SignalEvent)
    SSPx_GPDMA_Tx_SignalEvent                0x00002879   Thumb Code    28  ssp_lpc17xx.o(i.SSPx_GPDMA_Tx_SignalEvent)
    SetApple                                 0x000030f1   Thumb Code    14  set.o(i.SetApple)
    SetSnake                                 0x00003105   Thumb Code   198  set.o(i.SetSnake)
    SetTime                                  0x000031cd   Thumb Code   156  set.o(i.SetTime)
    SysTick_Handler                          0x000032c9   Thumb Code    22  isr.o(i.SysTick_Handler)
    SystemInit                               0x000032e9   Thumb Code   302  system_lpc17xx.o(i.SystemInit)
    _is_digit                                0x00003461   Thumb Code    14  __printf_wp.o(i._is_digit)
    main                                     0x000034ad   Thumb Code   626  main.o(i.main)
    wait_delay                               0x000037fd   Thumb Code    12  glcd_landtiger.o(i.wait_delay)
    __aeabi_dadd                             0x000038d5   Thumb Code     0  daddsub_clz.o(x$fpl$dadd)
    _dadd                                    0x000038d5   Thumb Code   332  daddsub_clz.o(x$fpl$dadd)
    __fpl_dcmp_Inf                           0x00003a25   Thumb Code    24  dcmpi.o(x$fpl$dcmpinf)
    __aeabi_ddiv                             0x00003a3d   Thumb Code     0  ddiv.o(x$fpl$ddiv)
    _ddiv                                    0x00003a3d   Thumb Code   552  ddiv.o(x$fpl$ddiv)
    __aeabi_i2d                              0x00003ced   Thumb Code     0  dflt_clz.o(x$fpl$dflt)
    _dflt                                    0x00003ced   Thumb Code    46  dflt_clz.o(x$fpl$dflt)
    __aeabi_ui2d                             0x00003d1b   Thumb Code     0  dflt_clz.o(x$fpl$dfltu)
    _dfltu                                   0x00003d1b   Thumb Code    38  dflt_clz.o(x$fpl$dfltu)
    __aeabi_cdcmple                          0x00003d41   Thumb Code     0  dleqf.o(x$fpl$dleqf)
    _dcmple                                  0x00003d41   Thumb Code   120  dleqf.o(x$fpl$dleqf)
    __fpl_dcmple_InfNaN                      0x00003da3   Thumb Code     0  dleqf.o(x$fpl$dleqf)
    __fpl_dnaninf                            0x00003db9   Thumb Code   156  dnaninf.o(x$fpl$dnaninf)
    __fpl_dretinf                            0x00003e55   Thumb Code    12  dretinf.o(x$fpl$dretinf)
    __aeabi_cdrcmple                         0x00003e61   Thumb Code     0  drleqf.o(x$fpl$drleqf)
    _drcmple                                 0x00003e61   Thumb Code   108  drleqf.o(x$fpl$drleqf)
    __aeabi_dsub                             0x00003ecd   Thumb Code     0  daddsub_clz.o(x$fpl$dsub)
    _dsub                                    0x00003ecd   Thumb Code   464  daddsub_clz.o(x$fpl$dsub)
    ADC_PIN                                  0x000040a0   Data           2  adc_landtiger.o(.constdata)
    __I$use$fp                               0x000040a0   Number         0  usenofp.o(x$fpl$usenofp)
    BUTTON_PIN                               0x000040a2   Data           4  buttons_landtiger.o(.constdata)
    Font_6x8_h                               0x000040a6   Data         896  glcd_landtiger.o(.constdata)
    Font_16x24_h                             0x00004426   Data        5376  glcd_landtiger.o(.constdata)
    LED_PIN                                  0x00005926   Data          16  led_landtiger.o(.constdata)
    JOYSTICK_PIN                             0x00005936   Data          10  joystick_mcb1700.o(.constdata)
    Driver_SPI0                              0x000059d8   Data          44  ssp_lpc17xx.o(.constdata)
    Driver_SPI1                              0x00005a04   Data          44  ssp_lpc17xx.o(.constdata)
    Region$$Table$$Base                      0x00005a30   Number         0  anon$$obj.o(Region$$Table)
    Region$$Table$$Limit                     0x00005a50   Number         0  anon$$obj.o(Region$$Table)
    iTimer                                   0x10000000   Data           4  globals.o(.data)
    iRandTimer                               0x10000004   Data           4  globals.o(.data)
    iTime                                    0x10000008   Data           4  globals.o(.data)
    iValue                                   0x1000000c   Data           4  globals.o(.data)
    iEatApple                                0x10000010   Data           1  globals.o(.data)
    iScore                                   0x10000011   Data           1  globals.o(.data)
    eLife                                    0x10000012   Data           1  globals.o(.data)
    iX_Apple_Lookup                          0x10000013   Data          90  globals.o(.data)
    iY_Apple_Lookup                          0x1000006d   Data          90  globals.o(.data)
    SystemCoreClock                          0x10000104   Data           4  system_lpc17xx.o(.data)
    cString                                  0x10000108   Data          50  globals.o(.bss)
    __libspace_start                         0x1000022c   Data          96  libspace.o(.bss)
    __temporary_stack_top$libspace           0x1000028c   Data           0  libspace.o(.bss)



==============================================================================

Memory Map of the image

  Image Entry point : 0x0000017d

  Load Region LR_1 (Base: 0x00000000, Size: 0x00005b58, Max: 0xffffffff, ABSOLUTE)

    Execution Region ER_RO (Exec base: 0x00000000, Load base: 0x00000000, Size: 0x00005a50, Max: 0xffffffff, ABSOLUTE)

    Exec Addr    Load Addr    Size         Type   Attr      Idx    E Section Name        Object

    0x00000000   0x00000000   0x000000cc   Data   RO         1093    RESET               startup_lpc17xx.o
    0x000000cc   0x000000cc   0x00000008   Code   RO         1178  * !!!main             c_w.l(__main.o)
    0x000000d4   0x000000d4   0x00000034   Code   RO         1381    !!!scatter          c_w.l(__scatter.o)
    0x00000108   0x00000108   0x0000001a   Code   RO         1383    !!handler_copy      c_w.l(__scatter_copy.o)
    0x00000122   0x00000122   0x00000002   PAD
    0x00000124   0x00000124   0x0000001c   Code   RO         1385    !!handler_zi        c_w.l(__scatter_zi.o)
    0x00000140   0x00000140   0x00000000   Code   RO         1173    .ARM.Collect$$_printf_percent$$00000000  c_w.l(_printf_percent.o)
    0x00000140   0x00000140   0x00000006   Code   RO         1171    .ARM.Collect$$_printf_percent$$00000009  c_w.l(_printf_d.o)
    0x00000146   0x00000146   0x00000006   Code   RO         1172    .ARM.Collect$$_printf_percent$$0000000A  c_w.l(_printf_u.o)
    0x0000014c   0x0000014c   0x00000004   Code   RO         1209    .ARM.Collect$$_printf_percent$$00000017  c_w.l(_printf_percent_end.o)
    0x00000150   0x00000150   0x00000002   Code   RO         1251    .ARM.Collect$$libinit$$00000000  c_w.l(libinit.o)
    0x00000152   0x00000152   0x00000000   Code   RO         1264    .ARM.Collect$$libinit$$00000002  c_w.l(libinit2.o)
    0x00000152   0x00000152   0x00000000   Code   RO         1266    .ARM.Collect$$libinit$$00000004  c_w.l(libinit2.o)
    0x00000152   0x00000152   0x00000000   Code   RO         1269    .ARM.Collect$$libinit$$0000000A  c_w.l(libinit2.o)
    0x00000152   0x00000152   0x00000000   Code   RO         1271    .ARM.Collect$$libinit$$0000000C  c_w.l(libinit2.o)
    0x00000152   0x00000152   0x00000000   Code   RO         1273    .ARM.Collect$$libinit$$0000000E  c_w.l(libinit2.o)
    0x00000152   0x00000152   0x00000000   Code   RO         1276    .ARM.Collect$$libinit$$00000011  c_w.l(libinit2.o)
    0x00000152   0x00000152   0x00000000   Code   RO         1278    .ARM.Collect$$libinit$$00000013  c_w.l(libinit2.o)
    0x00000152   0x00000152   0x00000000   Code   RO         1280    .ARM.Collect$$libinit$$00000015  c_w.l(libinit2.o)
    0x00000152   0x00000152   0x00000000   Code   RO         1282    .ARM.Collect$$libinit$$00000017  c_w.l(libinit2.o)
    0x00000152   0x00000152   0x00000000   Code   RO         1284    .ARM.Collect$$libinit$$00000019  c_w.l(libinit2.o)
    0x00000152   0x00000152   0x00000000   Code   RO         1286    .ARM.Collect$$libinit$$0000001B  c_w.l(libinit2.o)
    0x00000152   0x00000152   0x00000000   Code   RO         1288    .ARM.Collect$$libinit$$0000001D  c_w.l(libinit2.o)
    0x00000152   0x00000152   0x00000000   Code   RO         1290    .ARM.Collect$$libinit$$0000001F  c_w.l(libinit2.o)
    0x00000152   0x00000152   0x00000000   Code   RO         1292    .ARM.Collect$$libinit$$00000021  c_w.l(libinit2.o)
    0x00000152   0x00000152   0x00000000   Code   RO         1294    .ARM.Collect$$libinit$$00000023  c_w.l(libinit2.o)
    0x00000152   0x00000152   0x00000000   Code   RO         1296    .ARM.Collect$$libinit$$00000025  c_w.l(libinit2.o)
    0x00000152   0x00000152   0x00000000   Code   RO         1300    .ARM.Collect$$libinit$$0000002C  c_w.l(libinit2.o)
    0x00000152   0x00000152   0x00000000   Code   RO         1302    .ARM.Collect$$libinit$$0000002E  c_w.l(libinit2.o)
    0x00000152   0x00000152   0x00000000   Code   RO         1304    .ARM.Collect$$libinit$$00000030  c_w.l(libinit2.o)
    0x00000152   0x00000152   0x00000000   Code   RO         1306    .ARM.Collect$$libinit$$00000032  c_w.l(libinit2.o)
    0x00000152   0x00000152   0x00000002   Code   RO         1307    .ARM.Collect$$libinit$$00000033  c_w.l(libinit2.o)
    0x00000154   0x00000154   0x00000002   Code   RO         1338    .ARM.Collect$$libshutdown$$00000000  c_w.l(libshutdown.o)
    0x00000156   0x00000156   0x00000000   Code   RO         1364    .ARM.Collect$$libshutdown$$00000002  c_w.l(libshutdown2.o)
    0x00000156   0x00000156   0x00000000   Code   RO         1366    .ARM.Collect$$libshutdown$$00000004  c_w.l(libshutdown2.o)
    0x00000156   0x00000156   0x00000000   Code   RO         1369    .ARM.Collect$$libshutdown$$00000007  c_w.l(libshutdown2.o)
    0x00000156   0x00000156   0x00000000   Code   RO         1372    .ARM.Collect$$libshutdown$$0000000A  c_w.l(libshutdown2.o)
    0x00000156   0x00000156   0x00000000   Code   RO         1374    .ARM.Collect$$libshutdown$$0000000C  c_w.l(libshutdown2.o)
    0x00000156   0x00000156   0x00000000   Code   RO         1377    .ARM.Collect$$libshutdown$$0000000F  c_w.l(libshutdown2.o)
    0x00000156   0x00000156   0x00000002   Code   RO         1378    .ARM.Collect$$libshutdown$$00000010  c_w.l(libshutdown2.o)
    0x00000158   0x00000158   0x00000000   Code   RO         1198    .ARM.Collect$$rtentry$$00000000  c_w.l(__rtentry.o)
    0x00000158   0x00000158   0x00000000   Code   RO         1218    .ARM.Collect$$rtentry$$00000002  c_w.l(__rtentry2.o)
    0x00000158   0x00000158   0x00000006   Code   RO         1230    .ARM.Collect$$rtentry$$00000004  c_w.l(__rtentry4.o)
    0x0000015e   0x0000015e   0x00000000   Code   RO         1220    .ARM.Collect$$rtentry$$00000009  c_w.l(__rtentry2.o)
    0x0000015e   0x0000015e   0x00000004   Code   RO         1221    .ARM.Collect$$rtentry$$0000000A  c_w.l(__rtentry2.o)
    0x00000162   0x00000162   0x00000000   Code   RO         1223    .ARM.Collect$$rtentry$$0000000C  c_w.l(__rtentry2.o)
    0x00000162   0x00000162   0x00000008   Code   RO         1224    .ARM.Collect$$rtentry$$0000000D  c_w.l(__rtentry2.o)
    0x0000016a   0x0000016a   0x00000002   Code   RO         1255    .ARM.Collect$$rtexit$$00000000  c_w.l(rtexit.o)
    0x0000016c   0x0000016c   0x00000000   Code   RO         1311    .ARM.Collect$$rtexit$$00000002  c_w.l(rtexit2.o)
    0x0000016c   0x0000016c   0x00000004   Code   RO         1312    .ARM.Collect$$rtexit$$00000003  c_w.l(rtexit2.o)
    0x00000170   0x00000170   0x00000006   Code   RO         1313    .ARM.Collect$$rtexit$$00000004  c_w.l(rtexit2.o)
    0x00000176   0x00000176   0x00000002   PAD
    0x00000178   0x00000178   0x00000004   Code   RO          387    .emb_text           glcd_landtiger.o
    0x0000017c   0x0000017c   0x0000003c   Code   RO         1095  * .text               startup_lpc17xx.o
    0x000001b8   0x000001b8   0x00000028   Code   RO         1143    .text               c_w.l(noretval__2sprintf.o)
    0x000001e0   0x000001e0   0x0000004e   Code   RO         1147    .text               c_w.l(_printf_pad.o)
    0x0000022e   0x0000022e   0x00000002   PAD
    0x00000230   0x00000230   0x00000078   Code   RO         1149    .text               c_w.l(_printf_dec.o)
    0x000002a8   0x000002a8   0x0000004e   Code   RO         1174    .text               c_w.l(rt_memclr_w.o)
    0x000002f6   0x000002f6   0x00000006   Code   RO         1176    .text               c_w.l(heapauxi.o)
    0x000002fc   0x000002fc   0x00000004   Code   RO         1094    .ARM.__at_0x02FC    startup_lpc17xx.o
    0x00000300   0x00000300   0x0000010e   Code   RO         1159    .text               c_w.l(__printf_wp.o)
    0x0000040e   0x0000040e   0x000000b2   Code   RO         1203    .text               c_w.l(_printf_intcommon.o)
    0x000004c0   0x000004c0   0x00000030   Code   RO         1205    .text               c_w.l(_printf_char_common.o)
    0x000004f0   0x000004f0   0x0000000a   Code   RO         1207    .text               c_w.l(_sputc.o)
    0x000004fa   0x000004fa   0x0000004a   Code   RO         1238    .text               c_w.l(sys_stackheap_outer.o)
    0x00000544   0x00000544   0x00000012   Code   RO         1240    .text               c_w.l(exit.o)
    0x00000556   0x00000556   0x00000002   PAD
    0x00000558   0x00000558   0x00000008   Code   RO         1252    .text               c_w.l(libspace.o)
    0x00000560   0x00000560   0x0000000c   Code   RO         1308    .text               c_w.l(sys_exit.o)
    0x0000056c   0x0000056c   0x00000002   Code   RO         1327    .text               c_w.l(use_no_semi.o)
    0x0000056e   0x0000056e   0x00000000   Code   RO         1329    .text               c_w.l(indicate_semi.o)
    0x0000056e   0x0000056e   0x00000002   PAD
    0x00000570   0x00000570   0x00000014   Code   RO          271    i.ADC_ConversionDone  adc_landtiger.o
    0x00000584   0x00000584   0x00000020   Code   RO          273    i.ADC_GetValue      adc_landtiger.o
    0x000005a4   0x000005a4   0x00000028   Code   RO          274    i.ADC_IRQHandler    adc_landtiger.o
    0x000005cc   0x000005cc   0x00000060   Code   RO          275    i.ADC_Initialize    adc_landtiger.o
    0x0000062c   0x0000062c   0x00000020   Code   RO          276    i.ADC_StartConversion  adc_landtiger.o
    0x0000064c   0x0000064c   0x000000cc   Code   RO          151    i.AnimationApple    print.o
    0x00000718   0x00000718   0x00000028   Code   RO          343    i.Buttons_GetState  buttons_landtiger.o
    0x00000740   0x00000740   0x0000004c   Code   RO          344    i.Buttons_Initialize  buttons_landtiger.o
    0x0000078c   0x0000078c   0x00000020   Code   RO          914    i.Clear_Channel_active_flag  gpdma_lpc17xx.o
    0x000007ac   0x000007ac   0x00000180   Code   RO          915    i.DMA_IRQHandler    gpdma_lpc17xx.o
    0x0000092c   0x0000092c   0x00000048   Code   RO          241    i.Death             eat-death.o
    0x00000974   0x00000974   0x00000060   Code   RO          242    i.Eat               eat-death.o
    0x000009d4   0x000009d4   0x00000080   Code   RO          388    i.GLCD_Bargraph     glcd_landtiger.o
    0x00000a54   0x00000a54   0x00000068   Code   RO          391    i.GLCD_Clear        glcd_landtiger.o
    0x00000abc   0x00000abc   0x0000005c   Code   RO          393    i.GLCD_DisplayChar  glcd_landtiger.o
    0x00000b18   0x00000b18   0x0000002c   Code   RO          394    i.GLCD_DisplayString  glcd_landtiger.o
    0x00000b44   0x00000b44   0x00000084   Code   RO          395    i.GLCD_DrawChar_U16  glcd_landtiger.o
    0x00000bc8   0x00000bc8   0x00000084   Code   RO          396    i.GLCD_DrawChar_U8  glcd_landtiger.o
    0x00000c4c   0x00000c4c   0x0000081c   Code   RO          397    i.GLCD_Init         glcd_landtiger.o
    0x00001468   0x00001468   0x0000006c   Code   RO          398    i.GLCD_PutPixel     glcd_landtiger.o
    0x000014d4   0x000014d4   0x0000000c   Code   RO          400    i.GLCD_SetBackColor  glcd_landtiger.o
    0x000014e0   0x000014e0   0x0000000c   Code   RO          401    i.GLCD_SetTextColor  glcd_landtiger.o
    0x000014ec   0x000014ec   0x00000098   Code   RO          402    i.GLCD_SetWindow    glcd_landtiger.o
    0x00001584   0x00001584   0x00000012   Code   RO          403    i.GLCD_WindowMax    glcd_landtiger.o
    0x00001596   0x00001596   0x00000002   PAD
    0x00001598   0x00001598   0x000000f4   Code   RO          916    i.GPDMA_ChannelConfigure  gpdma_lpc17xx.o
    0x0000168c   0x0000168c   0x00000030   Code   RO          917    i.GPDMA_ChannelDisable  gpdma_lpc17xx.o
    0x000016bc   0x000016bc   0x00000030   Code   RO          919    i.GPDMA_ChannelGetCount  gpdma_lpc17xx.o
    0x000016ec   0x000016ec   0x000000a8   Code   RO          921    i.GPDMA_Initialize  gpdma_lpc17xx.o
    0x00001794   0x00001794   0x00000044   Code   RO          922    i.GPDMA_PeripheralSelect  gpdma_lpc17xx.o
    0x000017d8   0x000017d8   0x00000080   Code   RO          923    i.GPDMA_Uninitialize  gpdma_lpc17xx.o
    0x00001858   0x00001858   0x00000020   Code   RO         1004    i.GPIO_PinRead      gpio_lpc17xx.o
    0x00001878   0x00001878   0x00000028   Code   RO         1005    i.GPIO_PinWrite     gpio_lpc17xx.o
    0x000018a0   0x000018a0   0x0000002c   Code   RO         1006    i.GPIO_PortClock    gpio_lpc17xx.o
    0x000018cc   0x000018cc   0x00000038   Code   RO         1009    i.GPIO_SetDir       gpio_lpc17xx.o
    0x00001904   0x00001904   0x00000044   Code   RO          655    i.GetSSPClockFreq   ssp_lpc17xx.o
    0x00001948   0x00001948   0x00000080   Code   RO            4    i.InitializeBoard   main.o
    0x000019c8   0x000019c8   0x00000086   Code   RO          198    i.Joystick          set.o
    0x00001a4e   0x00001a4e   0x00000002   PAD
    0x00001a50   0x00001a50   0x0000005c   Code   RO          616    i.Joystick_GetState  joystick_mcb1700.o
    0x00001aac   0x00001aac   0x00000048   Code   RO          617    i.Joystick_Initialize  joystick_mcb1700.o
    0x00001af4   0x00001af4   0x0000005c   Code   RO          569    i.LED_Initialize    led_landtiger.o
    0x00001b50   0x00001b50   0x00000290   Code   RO          152    i.Menu              print.o
    0x00001de0   0x00001de0   0x000000fc   Code   RO         1058    i.PIN_Configure     pin_lpc17xx.o
    0x00001edc   0x00001edc   0x000000ac   Code   RO          153    i.PrintApple        print.o
    0x00001f88   0x00001f88   0x00000198   Code   RO          154    i.PrintSnake        print.o
    0x00002120   0x00002120   0x00000018   Code   RO          656    i.SSP0_Control      ssp_lpc17xx.o
    0x00002138   0x00002138   0x00000014   Code   RO          657    i.SSP0_GPDMA_Rx_SignalEvent  ssp_lpc17xx.o
    0x0000214c   0x0000214c   0x00000014   Code   RO          658    i.SSP0_GPDMA_Tx_SignalEvent  ssp_lpc17xx.o
    0x00002160   0x00002160   0x00000010   Code   RO          659    i.SSP0_GetDataCount  ssp_lpc17xx.o
    0x00002170   0x00002170   0x00000010   Code   RO          660    i.SSP0_GetStatus    ssp_lpc17xx.o
    0x00002180   0x00002180   0x00000010   Code   RO          661    i.SSP0_IRQHandler   ssp_lpc17xx.o
    0x00002190   0x00002190   0x00000014   Code   RO          662    i.SSP0_Initialize   ssp_lpc17xx.o
    0x000021a4   0x000021a4   0x00000014   Code   RO          663    i.SSP0_PowerControl  ssp_lpc17xx.o
    0x000021b8   0x000021b8   0x00000018   Code   RO          664    i.SSP0_Receive      ssp_lpc17xx.o
    0x000021d0   0x000021d0   0x00000018   Code   RO          665    i.SSP0_Send         ssp_lpc17xx.o
    0x000021e8   0x000021e8   0x0000001c   Code   RO          666    i.SSP0_Transfer     ssp_lpc17xx.o
    0x00002204   0x00002204   0x00000010   Code   RO          667    i.SSP0_Uninitialize  ssp_lpc17xx.o
    0x00002214   0x00002214   0x00000018   Code   RO          668    i.SSP1_Control      ssp_lpc17xx.o
    0x0000222c   0x0000222c   0x00000014   Code   RO          669    i.SSP1_GPDMA_Rx_SignalEvent  ssp_lpc17xx.o
    0x00002240   0x00002240   0x00000014   Code   RO          670    i.SSP1_GPDMA_Tx_SignalEvent  ssp_lpc17xx.o
    0x00002254   0x00002254   0x00000010   Code   RO          671    i.SSP1_GetDataCount  ssp_lpc17xx.o
    0x00002264   0x00002264   0x00000010   Code   RO          672    i.SSP1_GetStatus    ssp_lpc17xx.o
    0x00002274   0x00002274   0x00000010   Code   RO          673    i.SSP1_IRQHandler   ssp_lpc17xx.o
    0x00002284   0x00002284   0x00000014   Code   RO          674    i.SSP1_Initialize   ssp_lpc17xx.o
    0x00002298   0x00002298   0x00000014   Code   RO          675    i.SSP1_PowerControl  ssp_lpc17xx.o
    0x000022ac   0x000022ac   0x00000018   Code   RO          676    i.SSP1_Receive      ssp_lpc17xx.o
    0x000022c4   0x000022c4   0x00000018   Code   RO          677    i.SSP1_Send         ssp_lpc17xx.o
    0x000022dc   0x000022dc   0x0000001c   Code   RO          678    i.SSP1_Transfer     ssp_lpc17xx.o
    0x000022f8   0x000022f8   0x00000010   Code   RO          679    i.SSP1_Uninitialize  ssp_lpc17xx.o
    0x00002308   0x00002308   0x0000000c   Code   RO          680    i.SSP_GetCapabilities  ssp_lpc17xx.o
    0x00002314   0x00002314   0x00000010   Code   RO          681    i.SSP_GetVersion    ssp_lpc17xx.o
    0x00002324   0x00002324   0x0000051e   Code   RO          682    i.SSPx_Control      ssp_lpc17xx.o
    0x00002842   0x00002842   0x00000036   Code   RO          683    i.SSPx_GPDMA_Rx_SignalEvent  ssp_lpc17xx.o
    0x00002878   0x00002878   0x0000001c   Code   RO          684    i.SSPx_GPDMA_Tx_SignalEvent  ssp_lpc17xx.o
    0x00002894   0x00002894   0x0000002c   Code   RO          685    i.SSPx_GetDataCount  ssp_lpc17xx.o
    0x000028c0   0x000028c0   0x0000005a   Code   RO          686    i.SSPx_GetStatus    ssp_lpc17xx.o
    0x0000291a   0x0000291a   0x00000104   Code   RO          687    i.SSPx_IRQHandler   ssp_lpc17xx.o
    0x00002a1e   0x00002a1e   0x000000a8   Code   RO          688    i.SSPx_Initialize   ssp_lpc17xx.o
    0x00002ac6   0x00002ac6   0x00000002   PAD
    0x00002ac8   0x00002ac8   0x000001b4   Code   RO          689    i.SSPx_PowerControl  ssp_lpc17xx.o
    0x00002c7c   0x00002c7c   0x0000015c   Code   RO          690    i.SSPx_Receive      ssp_lpc17xx.o
    0x00002dd8   0x00002dd8   0x00000154   Code   RO          691    i.SSPx_Send         ssp_lpc17xx.o
    0x00002f2c   0x00002f2c   0x00000152   Code   RO          692    i.SSPx_Transfer     ssp_lpc17xx.o
    0x0000307e   0x0000307e   0x00000070   Code   RO          693    i.SSPx_Uninitialize  ssp_lpc17xx.o
    0x000030ee   0x000030ee   0x00000002   PAD
    0x000030f0   0x000030f0   0x00000014   Code   RO          199    i.SetApple          set.o
    0x00003104   0x00003104   0x000000c6   Code   RO          200    i.SetSnake          set.o
    0x000031ca   0x000031ca   0x00000002   PAD
    0x000031cc   0x000031cc   0x000000c4   Code   RO          201    i.SetTime           set.o
    0x00003290   0x00003290   0x00000038   Code   RO          924    i.Set_Channel_active_flag  gpdma_lpc17xx.o
    0x000032c8   0x000032c8   0x00000020   Code   RO          127    i.SysTick_Handler   isr.o
    0x000032e8   0x000032e8   0x00000140   Code   RO         1105    i.SystemInit        system_lpc17xx.o
    0x00003428   0x00003428   0x0000001c   Code   RO          694    i.__NVIC_ClearPendingIRQ  ssp_lpc17xx.o
    0x00003444   0x00003444   0x0000001c   Code   RO          925    i.__NVIC_ClearPendingIRQ  gpdma_lpc17xx.o
    0x00003460   0x00003460   0x0000000e   Code   RO         1161    i._is_digit         c_w.l(__printf_wp.o)
    0x0000346e   0x0000346e   0x0000000e   Code   RO          404    i.delay             glcd_landtiger.o
    0x0000347c   0x0000347c   0x00000030   Code   RO          405    i.lcd_send          glcd_landtiger.o
    0x000034ac   0x000034ac   0x000002bc   Code   RO            5    i.main              main.o
    0x00003768   0x00003768   0x00000068   Code   RO          406    i.rd_dat            glcd_landtiger.o
    0x000037d0   0x000037d0   0x0000002c   Code   RO          407    i.rd_reg            glcd_landtiger.o
    0x000037fc   0x000037fc   0x0000000c   Code   RO          408    i.wait_delay        glcd_landtiger.o
    0x00003808   0x00003808   0x00000030   Code   RO          409    i.wr_cmd            glcd_landtiger.o
    0x00003838   0x00003838   0x00000030   Code   RO          410    i.wr_dat            glcd_landtiger.o
    0x00003868   0x00003868   0x00000024   Code   RO          411    i.wr_dat_only       glcd_landtiger.o
    0x0000388c   0x0000388c   0x00000010   Code   RO          412    i.wr_dat_start      glcd_landtiger.o
    0x0000389c   0x0000389c   0x00000010   Code   RO          413    i.wr_dat_stop       glcd_landtiger.o
    0x000038ac   0x000038ac   0x00000028   Code   RO          414    i.wr_reg            glcd_landtiger.o
    0x000038d4   0x000038d4   0x00000150   Code   RO         1180    x$fpl$dadd          fz_ws.l(daddsub_clz.o)
    0x00003a24   0x00003a24   0x00000018   Code   RO         1236    x$fpl$dcmpinf       fz_ws.l(dcmpi.o)
    0x00003a3c   0x00003a3c   0x000002b0   Code   RO         1187    x$fpl$ddiv          fz_ws.l(ddiv.o)
    0x00003cec   0x00003cec   0x0000002e   Code   RO         1191    x$fpl$dflt          fz_ws.l(dflt_clz.o)
    0x00003d1a   0x00003d1a   0x00000026   Code   RO         1190    x$fpl$dfltu         fz_ws.l(dflt_clz.o)
    0x00003d40   0x00003d40   0x00000078   Code   RO         1210    x$fpl$dleqf         fz_ws.l(dleqf.o)
    0x00003db8   0x00003db8   0x0000009c   Code   RO         1212    x$fpl$dnaninf       fz_ws.l(dnaninf.o)
    0x00003e54   0x00003e54   0x0000000c   Code   RO         1214    x$fpl$dretinf       fz_ws.l(dretinf.o)
    0x00003e60   0x00003e60   0x0000006c   Code   RO         1196    x$fpl$drleqf        fz_ws.l(drleqf.o)
    0x00003ecc   0x00003ecc   0x000001d4   Code   RO         1182    x$fpl$dsub          fz_ws.l(daddsub_clz.o)
    0x000040a0   0x000040a0   0x00000000   Code   RO         1216    x$fpl$usenofp       fz_ws.l(usenofp.o)
    0x000040a0   0x000040a0   0x00000002   Data   RO          278    .constdata          adc_landtiger.o
    0x000040a2   0x000040a2   0x00000004   Data   RO          346    .constdata          buttons_landtiger.o
    0x000040a6   0x000040a6   0x00001880   Data   RO          415    .constdata          glcd_landtiger.o
    0x00005926   0x00005926   0x00000010   Data   RO          574    .constdata          led_landtiger.o
    0x00005936   0x00005936   0x0000000a   Data   RO          619    .constdata          joystick_mcb1700.o
    0x00005940   0x00005940   0x000000f0   Data   RO          696    .constdata          ssp_lpc17xx.o
    0x00005a30   0x00005a30   0x00000020   Data   RO         1379    Region$$Table       anon$$obj.o


    Execution Region ER_RW (Exec base: 0x10000000, Load base: 0x00005a50, Size: 0x00000108, Max: 0xffffffff, ABSOLUTE)

    Exec Addr    Load Addr    Size         Type   Attr      Idx    E Section Name        Object

    0x10000000   0x00005a50   0x000000c7   Data   RW           96    .data               globals.o
    0x100000c7   0x00005b17   0x00000001   PAD
    0x100000c8   0x00005b18   0x0000000a   Data   RW          155    .data               print.o
    0x100000d2   0x00005b22   0x00000002   PAD
    0x100000d4   0x00005b24   0x00000004   Data   RW          202    .data               set.o
    0x100000d8   0x00005b28   0x00000003   Data   RW          279    .data               adc_landtiger.o
    0x100000db   0x00005b2b   0x00000001   PAD
    0x100000dc   0x00005b2c   0x00000006   Data   RW          416    .data               glcd_landtiger.o
    0x100000e2   0x00005b32   0x00000002   PAD
    0x100000e4   0x00005b34   0x00000018   Data   RW          697    .data               ssp_lpc17xx.o
    0x100000fc   0x00005b4c   0x00000008   Data   RW          927    .data               gpdma_lpc17xx.o
    0x10000104   0x00005b54   0x00000004   Data   RW         1106    .data               system_lpc17xx.o


    Execution Region ER_ZI (Exec base: 0x10000108, Load base: 0x00005b58, Size: 0x00000588, Max: 0xffffffff, ABSOLUTE)

    Exec Addr    Load Addr    Size         Type   Attr      Idx    E Section Name        Object

    0x10000108        -       0x00000032   Zero   RW           95    .bss                globals.o
    0x1000013a   0x00005b58   0x00000002   PAD
    0x1000013c        -       0x00000050   Zero   RW          695    .bss                ssp_lpc17xx.o
    0x1000018c        -       0x000000a0   Zero   RW          926    .bss                gpdma_lpc17xx.o
    0x1000022c        -       0x00000060   Zero   RW         1253    .bss                c_w.l(libspace.o)
    0x1000028c   0x00005b58   0x00000004   PAD
    0x10000290        -       0x00000000   Zero   RW         1092    HEAP                startup_lpc17xx.o
    0x10000290        -       0x00000400   Zero   RW         1091    STACK               startup_lpc17xx.o


==============================================================================

Image component sizes


      Code (inc. data)   RO Data    RW Data    ZI Data      Debug   Object Name

       220         48          2          3          0      30073   adc_landtiger.o
       116         10          4          0          0       1749   buttons_landtiger.o
       168         12          0          0          0       1594   eat-death.o
      3440        140       6272          6          0      16125   glcd_landtiger.o
         0          0          0        199         50      18036   globals.o
      1204         94          0          8        160       8086   gpdma_lpc17xx.o
       172         18          0          0          0       2298   gpio_lpc17xx.o
        32         10          0          0          0        390   isr.o
       164          8         10          0          0       1737   joystick_mcb1700.o
        92          4         16          0          0        995   led_landtiger.o
       828         88          0          0          0      51588   main.o
       252          6          0          0          0        804   pin_lpc17xx.o
      1440        160          0         10          0       3090   print.o
       548         46          0          4          0       2719   set.o
      4140        176        240         24         80      64553   ssp_lpc17xx.o
        64         26        204          0       1024       1032   startup_lpc17xx.o
       320         18          0          4          0        835   system_lpc17xx.o

    ----------------------------------------------------------------------
     13210        864       6780        264       1316     205704   Object Totals
         0          0         32          0          0          0   (incl. Generated)
        10          0          0          6          2          0   (incl. Padding)

    ----------------------------------------------------------------------

      Code (inc. data)   RO Data    RW Data    ZI Data      Debug   Library Member Name

         8          0          0          0          0         68   __main.o
       284          0          0          0          0        156   __printf_wp.o
         0          0          0          0          0          0   __rtentry.o
        12          0          0          0          0          0   __rtentry2.o
         6          0          0          0          0          0   __rtentry4.o
        52          8          0          0          0          0   __scatter.o
        26          0          0          0          0          0   __scatter_copy.o
        28          0          0          0          0          0   __scatter_zi.o
        48          6          0          0          0         96   _printf_char_common.o
         6          0          0          0          0          0   _printf_d.o
       120         16          0          0          0         92   _printf_dec.o
       178          0          0          0          0         88   _printf_intcommon.o
        78          0          0          0          0        108   _printf_pad.o
         0          0          0          0          0          0   _printf_percent.o
         4          0          0          0          0          0   _printf_percent_end.o
         6          0          0          0          0          0   _printf_u.o
        10          0          0          0          0         68   _sputc.o
        18          0          0          0          0         80   exit.o
         6          0          0          0          0        152   heapauxi.o
         0          0          0          0          0          0   indicate_semi.o
         2          0          0          0          0          0   libinit.o
         2          0          0          0          0          0   libinit2.o
         2          0          0          0          0          0   libshutdown.o
         2          0          0          0          0          0   libshutdown2.o
         8          4          0          0         96         68   libspace.o
        40          6          0          0          0         84   noretval__2sprintf.o
        78          0          0          0          0         80   rt_memclr_w.o
         2          0          0          0          0          0   rtexit.o
        10          0          0          0          0          0   rtexit2.o
        12          4          0          0          0         68   sys_exit.o
        74          0          0          0          0         80   sys_stackheap_outer.o
         2          0          0          0          0         68   use_no_semi.o
       804         16          0          0          0        272   daddsub_clz.o
        24          0          0          0          0         68   dcmpi.o
       688        140          0          0          0        208   ddiv.o
        84          0          0          0          0        136   dflt_clz.o
       120          4          0          0          0         92   dleqf.o
       156          4          0          0          0         92   dnaninf.o
        12          0          0          0          0         68   dretinf.o
       108          0          0          0          0         80   drleqf.o
         0          0          0          0          0          0   usenofp.o

    ----------------------------------------------------------------------
      3130        208          0          0        100       2372   Library Totals
        10          0          0          0          4          0   (incl. Padding)

    ----------------------------------------------------------------------

      Code (inc. data)   RO Data    RW Data    ZI Data      Debug   Library Name

      1124         44          0          0         96       1356   c_w.l
      1996        164          0          0          0       1016   fz_ws.l

    ----------------------------------------------------------------------
      3130        208          0          0        100       2372   Library Totals

    ----------------------------------------------------------------------

==============================================================================


      Code (inc. data)   RO Data    RW Data    ZI Data      Debug   

     16340       1072       6780        264       1416     201832   Grand Totals
     16340       1072       6780        264       1416     201832   ELF Image Totals
     16340       1072       6780        264          0          0   ROM Totals

==============================================================================

    Total RO  Size (Code + RO Data)                23120 (  22.58kB)
    Total RW  Size (RW Data + ZI Data)              1680 (   1.64kB)
    Total ROM Size (Code + RO Data + RW Data)      23384 (  22.84kB)

==============================================================================

